2026-08-29 09:55:34 | INFO | ===== BẮT ĐẦU E01_baseline_seed123 (training_mode=clean) =====
2026-08-29 09:55:34 | INFO | seed=123
2026-08-29 09:55:34 | INFO | device=cpu
2026-08-29 09:55:34 | INFO | dataset root: C:\Users\Zander Truong\AppData\Local\Temp\pytest-of-Zander Truong\pytest-11\test_ablation_end_to_end_singl0\dataset
2026-08-29 09:55:34 | INFO | samples: total=36, bona_fide=18, spoof=18, spoof_ratio=0.5000 (mục 15)
2026-08-29 09:55:34 | INFO | tạo splits mới (subject_disjoint) và lưu: C:\Users\Zander Truong\AppData\Local\Temp\pytest-of-Zander Truong\pytest-11\test_ablation_end_to_end_singl0\splits\celeba_spoof_seed123_subject_disjoint.json
2026-08-29 09:55:34 | INFO | split train: 28 mẫu
2026-08-29 09:55:34 | INFO | split val: 4 mẫu
2026-08-29 09:55:34 | INFO | split test: 4 mẫu
2026-08-29 09:55:34 | INFO | model=custom_cnn, params=224449, size=0.86 MB
2026-08-29 09:55:34 | INFO | epoch 1/1: train_loss=0.6237 | val_loss=0.2977 (checkpoint đã lưu)
2026-08-29 09:55:34 | INFO | hoàn tất huấn luyện 1 epoch, checkpoint: C:\Users\Zander Truong\AppData\Local\Temp\pytest-of-Zander Truong\pytest-11\test_ablation_end_to_end_singl0\checkpoints\E01_baseline_seed123.pt
2026-08-29 09:55:34 | INFO | epoch cuối: train_loss=0.6237, val_loss=0.2976541221141815
2026-08-29 09:55:34 | INFO | clean test: f1=1.0000, roc_auc=1.0
2026-08-29 09:55:34 | INFO | kết quả đã lưu: C:\Users\Zander Truong\AppData\Local\Temp\pytest-of-Zander Truong\pytest-11\test_ablation_end_to_end_singl0\results\E01_baseline_seed123.json (runtime=0.22s)
2026-08-29 09:55:35 | INFO | ===== BẮT ĐẦU E01_baseline_seed123 (training_mode=clean) =====
2026-08-29 09:55:35 | INFO | seed=123
2026-08-29 09:55:35 | INFO | device=cpu
2026-08-29 09:55:35 | INFO | dataset root: C:\Users\Zander Truong\AppData\Local\Temp\pytest-of-Zander Truong\pytest-11\test_run_all_end_to_end_order0\dataset
2026-08-29 09:55:35 | INFO | samples: total=36, bona_fide=18, spoof=18, spoof_ratio=0.5000 (mục 15)
2026-08-29 09:55:35 | INFO | tạo splits mới (subject_disjoint) và lưu: C:\Users\Zander Truong\AppData\Local\Temp\pytest-of-Zander Truong\pytest-11\test_run_all_end_to_end_order0\splits\celeba_spoof_seed123_subject_disjoint.json
2026-08-29 09:55:35 | INFO | split train: 28 mẫu
2026-08-29 09:55:35 | INFO | split val: 4 mẫu
2026-08-29 09:55:35 | INFO | split test: 4 mẫu
2026-08-29 09:55:35 | INFO | model=custom_cnn, params=224449, size=0.86 MB
2026-08-29 09:55:35 | INFO | epoch 1/1: train_loss=0.6237 | val_loss=0.2977 (checkpoint đã lưu)
2026-08-29 09:55:35 | INFO | hoàn tất huấn luyện 1 epoch, checkpoint: C:\Users\Zander Truong\AppData\Local\Temp\pytest-of-Zander Truong\pytest-11\test_run_all_end_to_end_order0\checkpoints\E01_baseline_seed123.pt
2026-08-29 09:55:35 | INFO | epoch cuối: train_loss=0.6237, val_loss=0.2976541221141815
2026-08-29 09:55:35 | INFO | clean test: f1=1.0000, roc_auc=1.0
2026-08-29 09:55:35 | INFO | kết quả đã lưu: C:\Users\Zander Truong\AppData\Local\Temp\pytest-of-Zander Truong\pytest-11\test_run_all_end_to_end_order0\results\E01_baseline_seed123.json (runtime=0.09s)
2026-08-29 09:55:40 | INFO | ===== BẮT ĐẦU E01_baseline_seed123 (training_mode=clean) =====
2026-08-29 09:55:40 | INFO | seed=123
2026-08-29 09:55:40 | INFO | device=cpu
2026-08-29 09:55:40 | INFO | dataset root: C:\Users\Zander Truong\AppData\Local\Temp\pytest-of-Zander Truong\pytest-11\test_train_robust_reuses_basel0\dataset
2026-08-29 09:55:40 | INFO | samples: total=36, bona_fide=18, spoof=18, spoof_ratio=0.5000 (mục 15)
2026-08-29 09:55:40 | INFO | tạo splits mới (subject_disjoint) và lưu: C:\Users\Zander Truong\AppData\Local\Temp\pytest-of-Zander Truong\pytest-11\test_train_robust_reuses_basel0\splits\celeba_spoof_seed123_subject_disjoint.json
2026-08-29 09:55:40 | INFO | split train: 28 mẫu
2026-08-29 09:55:40 | INFO | split val: 4 mẫu
2026-08-29 09:55:40 | INFO | split test: 4 mẫu
2026-08-29 09:55:40 | INFO | model=custom_cnn, params=224449, size=0.86 MB
2026-08-29 09:55:40 | INFO | epoch 1/1: train_loss=0.6237 | val_loss=0.2977 (checkpoint đã lưu)
2026-08-29 09:55:40 | INFO | hoàn tất huấn luyện 1 epoch, checkpoint: C:\Users\Zander Truong\AppData\Local\Temp\pytest-of-Zander Truong\pytest-11\test_train_robust_reuses_basel0\checkpoints_base\E01_baseline_seed123.pt
2026-08-29 09:55:40 | INFO | epoch cuối: train_loss=0.6237, val_loss=0.2976541221141815
2026-08-29 09:55:40 | INFO | clean test: f1=1.0000, roc_auc=1.0
2026-08-29 09:55:40 | INFO | kết quả đã lưu: C:\Users\Zander Truong\AppData\Local\Temp\pytest-of-Zander Truong\pytest-11\test_train_robust_reuses_basel0\results_base\E01_baseline_seed123.json (runtime=0.08s)
2026-08-29 09:56:11 | INFO | ===== BẮT ĐẦU E01_baseline_seed123 (training_mode=clean) =====
2026-08-29 09:56:11 | INFO | seed=123
2026-08-29 09:56:11 | INFO | device=cuda
2026-08-29 09:56:11 | INFO | dataset root: C:\Users\Zander Truong\Documents\coding\ekyc-face-pad\data\raw\celeba_spoof
2026-08-29 09:56:11 | INFO | samples: total=18000, bona_fide=5941, spoof=12059, spoof_ratio=0.6699 (mục 15)
2026-08-29 09:56:12 | INFO | tạo splits mới (subject_disjoint) và lưu: data\splits\celeba_spoof_seed123_subject_disjoint.json
2026-08-29 09:56:12 | INFO | split train: 12600 mẫu
2026-08-29 09:56:12 | INFO | split val: 1800 mẫu
2026-08-29 09:56:12 | INFO | split test: 3600 mẫu
2026-08-29 09:56:12 | INFO | model=mobilenet_v2, params=2225153, size=8.62 MB
2026-08-29 10:01:06 | INFO | epoch 1/20: train_loss=0.4627 | val_loss=0.3899 (checkpoint đã lưu)
2026-08-29 10:06:03 | INFO | epoch 2/20: train_loss=0.3693 | val_loss=0.3692 (checkpoint đã lưu)
2026-08-29 10:10:56 | INFO | epoch 3/20: train_loss=0.3367 | val_loss=0.3269 (checkpoint đã lưu)
2026-08-29 10:15:46 | INFO | epoch 4/20: train_loss=0.3157 | val_loss=0.3071 (checkpoint đã lưu)
2026-08-29 10:20:41 | INFO | epoch 5/20: train_loss=0.2996 | val_loss=0.3200 (checkpoint đã lưu)
2026-08-29 10:25:37 | INFO | epoch 6/20: train_loss=0.2860 | val_loss=0.3001 (checkpoint đã lưu)
2026-08-29 10:30:31 | INFO | epoch 7/20: train_loss=0.2656 | val_loss=0.3302 (checkpoint đã lưu)
2026-08-29 10:35:21 | INFO | epoch 8/20: train_loss=0.2543 | val_loss=0.3106 (checkpoint đã lưu)
2026-08-29 10:40:15 | INFO | epoch 9/20: train_loss=0.2374 | val_loss=0.2799 (checkpoint đã lưu)
2026-08-29 10:45:07 | INFO | epoch 10/20: train_loss=0.2189 | val_loss=0.2559 (checkpoint đã lưu)
2026-08-29 10:49:57 | INFO | epoch 11/20: train_loss=0.2102 | val_loss=0.2626 (checkpoint đã lưu)
2026-08-29 10:54:51 | INFO | epoch 12/20: train_loss=0.1924 | val_loss=0.3586 (checkpoint đã lưu)
2026-08-29 10:59:44 | INFO | epoch 13/20: train_loss=0.1955 | val_loss=0.2478 (checkpoint đã lưu)
2026-08-29 11:04:38 | INFO | epoch 14/20: train_loss=0.1719 | val_loss=0.2608 (checkpoint đã lưu)
2026-08-29 11:09:26 | INFO | epoch 15/20: train_loss=0.1627 | val_loss=0.2473 (checkpoint đã lưu)
2026-08-29 11:14:19 | INFO | epoch 16/20: train_loss=0.1609 | val_loss=0.2554 (checkpoint đã lưu)
2026-08-29 11:19:13 | INFO | epoch 17/20: train_loss=0.1517 | val_loss=0.2463 (checkpoint đã lưu)
2026-08-29 11:24:02 | INFO | epoch 18/20: train_loss=0.1424 | val_loss=0.2688 (checkpoint đã lưu)
2026-08-29 11:28:56 | INFO | epoch 19/20: train_loss=0.1318 | val_loss=0.2761 (checkpoint đã lưu)
2026-08-29 11:33:50 | INFO | epoch 20/20: train_loss=0.1299 | val_loss=0.2447 (checkpoint đã lưu)
2026-08-29 11:33:50 | INFO | hoàn tất huấn luyện 20 epoch, checkpoint: results\checkpoints\E01_baseline_seed123.pt
2026-08-29 11:33:50 | INFO | epoch cuối: train_loss=0.1299, val_loss=0.24473447079873747
2026-08-29 11:34:17 | INFO | clean test: f1=0.9312, roc_auc=0.9554433607933914
2026-08-29 11:34:18 | INFO | kết quả đã lưu: results\raw\E01_baseline_seed123.json (runtime=5886.29s)
2026-08-29 13:20:58 | INFO | ===== BẮT ĐẦU E01_baseline_seed123 (training_mode=clean) =====
2026-08-29 13:20:58 | INFO | seed=123
2026-08-29 13:20:58 | INFO | device=cpu
2026-08-29 13:20:58 | INFO | dataset root: C:\Users\Zander Truong\AppData\Local\Temp\pytest-of-Zander Truong\pytest-12\test_ablation_end_to_end_singl0\dataset
2026-08-29 13:20:58 | INFO | samples: total=36, bona_fide=18, spoof=18, spoof_ratio=0.5000 (mục 15)
2026-08-29 13:20:58 | INFO | tạo splits mới (subject_disjoint) và lưu: C:\Users\Zander Truong\AppData\Local\Temp\pytest-of-Zander Truong\pytest-12\test_ablation_end_to_end_singl0\splits\celeba_spoof_seed123_subject_disjoint.json
2026-08-29 13:20:58 | INFO | split train: 28 mẫu
2026-08-29 13:20:58 | INFO | split val: 4 mẫu
2026-08-29 13:20:58 | INFO | split test: 4 mẫu
2026-08-29 13:20:58 | INFO | model=custom_cnn, params=224449, size=0.86 MB
2026-08-29 13:20:58 | INFO | epoch 1/1: train_loss=0.6237 | val_loss=0.2977 (checkpoint đã lưu)
2026-08-29 13:20:58 | INFO | hoàn tất huấn luyện 1 epoch, checkpoint: C:\Users\Zander Truong\AppData\Local\Temp\pytest-of-Zander Truong\pytest-12\test_ablation_end_to_end_singl0\checkpoints\E01_baseline_seed123.pt
2026-08-29 13:20:58 | INFO | epoch cuối: train_loss=0.6237, val_loss=0.2976541221141815
2026-08-29 13:20:58 | INFO | clean test: f1=1.0000, roc_auc=1.0
2026-08-29 13:20:58 | INFO | kết quả đã lưu: C:\Users\Zander Truong\AppData\Local\Temp\pytest-of-Zander Truong\pytest-12\test_ablation_end_to_end_singl0\results\E01_baseline_seed123.json (runtime=0.24s)
2026-08-29 13:20:59 | INFO | ===== BẮT ĐẦU E01_baseline_seed123 (training_mode=clean) =====
2026-08-29 13:20:59 | INFO | seed=123
2026-08-29 13:20:59 | INFO | device=cpu
2026-08-29 13:20:59 | INFO | dataset root: C:\Users\Zander Truong\AppData\Local\Temp\pytest-of-Zander Truong\pytest-12\test_run_all_end_to_end_order0\dataset
2026-08-29 13:20:59 | INFO | samples: total=36, bona_fide=18, spoof=18, spoof_ratio=0.5000 (mục 15)
2026-08-29 13:20:59 | INFO | tạo splits mới (subject_disjoint) và lưu: C:\Users\Zander Truong\AppData\Local\Temp\pytest-of-Zander Truong\pytest-12\test_run_all_end_to_end_order0\splits\celeba_spoof_seed123_subject_disjoint.json
2026-08-29 13:20:59 | INFO | split train: 28 mẫu
2026-08-29 13:20:59 | INFO | split val: 4 mẫu
2026-08-29 13:20:59 | INFO | split test: 4 mẫu
2026-08-29 13:20:59 | INFO | model=custom_cnn, params=224449, size=0.86 MB
2026-08-29 13:20:59 | INFO | epoch 1/1: train_loss=0.6237 | val_loss=0.2977 (checkpoint đã lưu)
2026-08-29 13:20:59 | INFO | hoàn tất huấn luyện 1 epoch, checkpoint: C:\Users\Zander Truong\AppData\Local\Temp\pytest-of-Zander Truong\pytest-12\test_run_all_end_to_end_order0\checkpoints\E01_baseline_seed123.pt
2026-08-29 13:20:59 | INFO | epoch cuối: train_loss=0.6237, val_loss=0.2976541221141815
2026-08-29 13:20:59 | INFO | clean test: f1=1.0000, roc_auc=1.0
2026-08-29 13:20:59 | INFO | kết quả đã lưu: C:\Users\Zander Truong\AppData\Local\Temp\pytest-of-Zander Truong\pytest-12\test_run_all_end_to_end_order0\results\E01_baseline_seed123.json (runtime=0.08s)
2026-08-29 13:21:04 | INFO | ===== BẮT ĐẦU E01_baseline_seed123 (training_mode=clean) =====
2026-08-29 13:21:04 | INFO | seed=123
2026-08-29 13:21:04 | INFO | device=cpu
2026-08-29 13:21:04 | INFO | dataset root: C:\Users\Zander Truong\AppData\Local\Temp\pytest-of-Zander Truong\pytest-12\test_train_robust_reuses_basel0\dataset
2026-08-29 13:21:04 | INFO | samples: total=36, bona_fide=18, spoof=18, spoof_ratio=0.5000 (mục 15)
2026-08-29 13:21:04 | INFO | tạo splits mới (subject_disjoint) và lưu: C:\Users\Zander Truong\AppData\Local\Temp\pytest-of-Zander Truong\pytest-12\test_train_robust_reuses_basel0\splits\celeba_spoof_seed123_subject_disjoint.json
2026-08-29 13:21:04 | INFO | split train: 28 mẫu
2026-08-29 13:21:04 | INFO | split val: 4 mẫu
2026-08-29 13:21:04 | INFO | split test: 4 mẫu
2026-08-29 13:21:04 | INFO | model=custom_cnn, params=224449, size=0.86 MB
2026-08-29 13:21:04 | INFO | epoch 1/1: train_loss=0.6237 | val_loss=0.2977 (checkpoint đã lưu)
2026-08-29 13:21:04 | INFO | hoàn tất huấn luyện 1 epoch, checkpoint: C:\Users\Zander Truong\AppData\Local\Temp\pytest-of-Zander Truong\pytest-12\test_train_robust_reuses_basel0\checkpoints_base\E01_baseline_seed123.pt
2026-08-29 13:21:04 | INFO | epoch cuối: train_loss=0.6237, val_loss=0.2976541221141815
2026-08-29 13:21:04 | INFO | clean test: f1=1.0000, roc_auc=1.0
2026-08-29 13:21:04 | INFO | kết quả đã lưu: C:\Users\Zander Truong\AppData\Local\Temp\pytest-of-Zander Truong\pytest-12\test_train_robust_reuses_basel0\results_base\E01_baseline_seed123.json (runtime=0.08s)
2026-08-29 13:23:45 | INFO | ===== BẮT ĐẦU E01_baseline_seed123 (training_mode=clean) =====
2026-08-29 13:23:45 | INFO | seed=123
2026-08-29 13:23:45 | INFO | device=cpu
2026-08-29 13:23:45 | INFO | dataset root: C:\Users\Zander Truong\AppData\Local\Temp\pytest-of-Zander Truong\pytest-13\test_ablation_end_to_end_singl0\dataset
2026-08-29 13:23:45 | INFO | samples: total=36, bona_fide=18, spoof=18, spoof_ratio=0.5000 (mục 15)
2026-08-29 13:23:45 | INFO | tạo splits mới (subject_disjoint) và lưu: C:\Users\Zander Truong\AppData\Local\Temp\pytest-of-Zander Truong\pytest-13\test_ablation_end_to_end_singl0\splits\celeba_spoof_seed123_subject_disjoint.json
2026-08-29 13:23:45 | INFO | split train: 28 mẫu
2026-08-29 13:23:45 | INFO | split val: 4 mẫu
2026-08-29 13:23:45 | INFO | split test: 4 mẫu
2026-08-29 13:23:45 | INFO | model=custom_cnn, params=224449, size=0.86 MB
2026-08-29 13:23:45 | INFO | epoch 1/1: train_loss=0.6237 | val_loss=0.2977 (checkpoint đã lưu)
2026-08-29 13:23:45 | INFO | hoàn tất huấn luyện 1 epoch, checkpoint: C:\Users\Zander Truong\AppData\Local\Temp\pytest-of-Zander Truong\pytest-13\test_ablation_end_to_end_singl0\checkpoints\E01_baseline_seed123.pt
2026-08-29 13:23:45 | INFO | epoch cuối: train_loss=0.6237, val_loss=0.2976541221141815
2026-08-29 13:23:45 | INFO | clean test: f1=1.0000, roc_auc=1.0
2026-08-29 13:23:45 | INFO | kết quả đã lưu: C:\Users\Zander Truong\AppData\Local\Temp\pytest-of-Zander Truong\pytest-13\test_ablation_end_to_end_singl0\results\E01_baseline_seed123.json (runtime=0.19s)
2026-08-29 13:23:46 | INFO | ===== BẮT ĐẦU E01_baseline_seed123 (training_mode=clean) =====
2026-08-29 13:23:46 | INFO | seed=123
2026-08-29 13:23:46 | INFO | device=cpu
2026-08-29 13:23:46 | INFO | dataset root: C:\Users\Zander Truong\AppData\Local\Temp\pytest-of-Zander Truong\pytest-13\test_run_all_end_to_end_order0\dataset
2026-08-29 13:23:46 | INFO | samples: total=36, bona_fide=18, spoof=18, spoof_ratio=0.5000 (mục 15)
2026-08-29 13:23:46 | INFO | tạo splits mới (subject_disjoint) và lưu: C:\Users\Zander Truong\AppData\Local\Temp\pytest-of-Zander Truong\pytest-13\test_run_all_end_to_end_order0\splits\celeba_spoof_seed123_subject_disjoint.json
2026-08-29 13:23:46 | INFO | split train: 28 mẫu
2026-08-29 13:23:46 | INFO | split val: 4 mẫu
2026-08-29 13:23:46 | INFO | split test: 4 mẫu
2026-08-29 13:23:46 | INFO | model=custom_cnn, params=224449, size=0.86 MB
2026-08-29 13:23:46 | INFO | epoch 1/1: train_loss=0.6237 | val_loss=0.2977 (checkpoint đã lưu)
2026-08-29 13:23:46 | INFO | hoàn tất huấn luyện 1 epoch, checkpoint: C:\Users\Zander Truong\AppData\Local\Temp\pytest-of-Zander Truong\pytest-13\test_run_all_end_to_end_order0\checkpoints\E01_baseline_seed123.pt
2026-08-29 13:23:46 | INFO | epoch cuối: train_loss=0.6237, val_loss=0.2976541221141815
2026-08-29 13:23:46 | INFO | clean test: f1=1.0000, roc_auc=1.0
2026-08-29 13:23:46 | INFO | kết quả đã lưu: C:\Users\Zander Truong\AppData\Local\Temp\pytest-of-Zander Truong\pytest-13\test_run_all_end_to_end_order0\results\E01_baseline_seed123.json (runtime=0.08s)
2026-08-29 13:23:51 | INFO | ===== BẮT ĐẦU E01_baseline_seed123 (training_mode=clean) =====
2026-08-29 13:23:51 | INFO | seed=123
2026-08-29 13:23:51 | INFO | device=cpu
2026-08-29 13:23:51 | INFO | dataset root: C:\Users\Zander Truong\AppData\Local\Temp\pytest-of-Zander Truong\pytest-13\test_train_robust_reuses_basel0\dataset
2026-08-29 13:23:51 | INFO | samples: total=36, bona_fide=18, spoof=18, spoof_ratio=0.5000 (mục 15)
2026-08-29 13:23:51 | INFO | tạo splits mới (subject_disjoint) và lưu: C:\Users\Zander Truong\AppData\Local\Temp\pytest-of-Zander Truong\pytest-13\test_train_robust_reuses_basel0\splits\celeba_spoof_seed123_subject_disjoint.json
2026-08-29 13:23:51 | INFO | split train: 28 mẫu
2026-08-29 13:23:51 | INFO | split val: 4 mẫu
2026-08-29 13:23:51 | INFO | split test: 4 mẫu
2026-08-29 13:23:51 | INFO | model=custom_cnn, params=224449, size=0.86 MB
2026-08-29 13:23:51 | INFO | epoch 1/1: train_loss=0.6237 | val_loss=0.2977 (checkpoint đã lưu)
2026-08-29 13:23:51 | INFO | hoàn tất huấn luyện 1 epoch, checkpoint: C:\Users\Zander Truong\AppData\Local\Temp\pytest-of-Zander Truong\pytest-13\test_train_robust_reuses_basel0\checkpoints_base\E01_baseline_seed123.pt
2026-08-29 13:23:51 | INFO | epoch cuối: train_loss=0.6237, val_loss=0.2976541221141815
2026-08-29 13:23:51 | INFO | clean test: f1=1.0000, roc_auc=1.0
2026-08-29 13:23:51 | INFO | kết quả đã lưu: C:\Users\Zander Truong\AppData\Local\Temp\pytest-of-Zander Truong\pytest-13\test_train_robust_reuses_basel0\results_base\E01_baseline_seed123.json (runtime=0.08s)
2026-08-29 15:26:06 | INFO | ===== BẮT ĐẦU E01_baseline_seed123 (training_mode=clean) =====
2026-08-29 15:26:06 | INFO | seed=123
2026-08-29 15:26:06 | INFO | device=cpu
2026-08-29 15:26:06 | INFO | dataset root: C:\Users\Zander Truong\AppData\Local\Temp\pytest-of-Zander Truong\pytest-14\test_ablation_end_to_end_singl0\dataset
2026-08-29 15:26:06 | INFO | samples: total=36, bona_fide=18, spoof=18, spoof_ratio=0.5000 (mục 15)
2026-08-29 15:26:06 | INFO | tạo splits mới (subject_disjoint) và lưu: C:\Users\Zander Truong\AppData\Local\Temp\pytest-of-Zander Truong\pytest-14\test_ablation_end_to_end_singl0\splits\celeba_spoof_seed123_subject_disjoint.json
2026-08-29 15:26:06 | INFO | split train: 28 mẫu
2026-08-29 15:26:06 | INFO | split val: 4 mẫu
2026-08-29 15:26:06 | INFO | split test: 4 mẫu
2026-08-29 15:26:06 | INFO | model=custom_cnn, params=224449, size=0.86 MB
2026-08-29 15:26:07 | INFO | epoch 1/1: train_loss=0.6237 | val_loss=0.2977 (checkpoint đã lưu)
2026-08-29 15:26:07 | INFO | hoàn tất huấn luyện 1 epoch, checkpoint: C:\Users\Zander Truong\AppData\Local\Temp\pytest-of-Zander Truong\pytest-14\test_ablation_end_to_end_singl0\checkpoints\E01_baseline_seed123.pt
2026-08-29 15:26:07 | INFO | epoch cuối: train_loss=0.6237, val_loss=0.2976541221141815
2026-08-29 15:26:07 | INFO | clean test: f1=1.0000, roc_auc=1.0
2026-08-29 15:26:07 | INFO | kết quả đã lưu: C:\Users\Zander Truong\AppData\Local\Temp\pytest-of-Zander Truong\pytest-14\test_ablation_end_to_end_singl0\results\E01_baseline_seed123.json (runtime=0.7s)
2026-08-29 15:26:07 | INFO | ===== BẮT ĐẦU E01_baseline_seed123 (training_mode=clean) =====
2026-08-29 15:26:07 | INFO | seed=123
2026-08-29 15:26:07 | INFO | device=cpu
2026-08-29 15:26:07 | INFO | dataset root: C:\Users\Zander Truong\AppData\Local\Temp\pytest-of-Zander Truong\pytest-14\test_run_all_end_to_end_order0\dataset
2026-08-29 15:26:07 | INFO | samples: total=36, bona_fide=18, spoof=18, spoof_ratio=0.5000 (mục 15)
2026-08-29 15:26:07 | INFO | tạo splits mới (subject_disjoint) và lưu: C:\Users\Zander Truong\AppData\Local\Temp\pytest-of-Zander Truong\pytest-14\test_run_all_end_to_end_order0\splits\celeba_spoof_seed123_subject_disjoint.json
2026-08-29 15:26:07 | INFO | split train: 28 mẫu
2026-08-29 15:26:07 | INFO | split val: 4 mẫu
2026-08-29 15:26:07 | INFO | split test: 4 mẫu
2026-08-29 15:26:07 | INFO | model=custom_cnn, params=224449, size=0.86 MB
2026-08-29 15:26:07 | INFO | epoch 1/1: train_loss=0.6237 | val_loss=0.2977 (checkpoint đã lưu)
2026-08-29 15:26:07 | INFO | hoàn tất huấn luyện 1 epoch, checkpoint: C:\Users\Zander Truong\AppData\Local\Temp\pytest-of-Zander Truong\pytest-14\test_run_all_end_to_end_order0\checkpoints\E01_baseline_seed123.pt
2026-08-29 15:26:07 | INFO | epoch cuối: train_loss=0.6237, val_loss=0.2976541221141815
2026-08-29 15:26:07 | INFO | clean test: f1=1.0000, roc_auc=1.0
2026-08-29 15:26:07 | INFO | kết quả đã lưu: C:\Users\Zander Truong\AppData\Local\Temp\pytest-of-Zander Truong\pytest-14\test_run_all_end_to_end_order0\results\E01_baseline_seed123.json (runtime=0.09s)
2026-08-29 15:26:13 | INFO | ===== BẮT ĐẦU E01_baseline_seed123 (training_mode=clean) =====
2026-08-29 15:26:13 | INFO | seed=123
2026-08-29 15:26:13 | INFO | device=cpu
2026-08-29 15:26:13 | INFO | dataset root: C:\Users\Zander Truong\AppData\Local\Temp\pytest-of-Zander Truong\pytest-14\test_train_robust_reuses_basel0\dataset
2026-08-29 15:26:13 | INFO | samples: total=36, bona_fide=18, spoof=18, spoof_ratio=0.5000 (mục 15)
2026-08-29 15:26:13 | INFO | tạo splits mới (subject_disjoint) và lưu: C:\Users\Zander Truong\AppData\Local\Temp\pytest-of-Zander Truong\pytest-14\test_train_robust_reuses_basel0\splits\celeba_spoof_seed123_subject_disjoint.json
2026-08-29 15:26:13 | INFO | split train: 28 mẫu
2026-08-29 15:26:13 | INFO | split val: 4 mẫu
2026-08-29 15:26:13 | INFO | split test: 4 mẫu
2026-08-29 15:26:13 | INFO | model=custom_cnn, params=224449, size=0.86 MB
2026-08-29 15:26:13 | INFO | epoch 1/1: train_loss=0.6237 | val_loss=0.2977 (checkpoint đã lưu)
2026-08-29 15:26:13 | INFO | hoàn tất huấn luyện 1 epoch, checkpoint: C:\Users\Zander Truong\AppData\Local\Temp\pytest-of-Zander Truong\pytest-14\test_train_robust_reuses_basel0\checkpoints_base\E01_baseline_seed123.pt
2026-08-29 15:26:13 | INFO | epoch cuối: train_loss=0.6237, val_loss=0.2976541221141815
2026-08-29 15:26:13 | INFO | clean test: f1=1.0000, roc_auc=1.0
2026-08-29 15:26:13 | INFO | kết quả đã lưu: C:\Users\Zander Truong\AppData\Local\Temp\pytest-of-Zander Truong\pytest-14\test_train_robust_reuses_basel0\results_base\E01_baseline_seed123.json (runtime=0.09s)
