2026-09-15 05:19:20 | INFO | ===== BẮT ĐẦU E07_robust_seed456 (training_mode=robust) =====

2026-09-15 05:19:20 | INFO | seed=456

2026-09-15 05:19:20 | INFO | device=cuda

2026-09-15 05:19:20 | INFO | dataset root: C:\Users\LEGION\Desktop\New folder\ekyc-face-pad\data\raw\celeba_spoof_full

2026-09-15 05:19:25 | INFO | samples: total=203215, bona_fide=70288, spoof=132927, spoof_ratio=0.6541 (mục 15)

2026-09-15 05:19:26 | INFO | tái sử dụng splits: data\splits\celeba_spoof_full_seed123_subject_disjoint.json

2026-09-15 05:19:26 | INFO | split train: 142250 mẫu

2026-09-15 05:19:26 | INFO | split val: 20322 mẫu

2026-09-15 05:19:26 | INFO | split test: 40643 mẫu

2026-09-15 05:19:26 | INFO | model=mobilenet_v2, params=2225153, size=8.62 MB

train epoch 1: 100%|██████████| 2223/2223 [24:44<00:00,  1.47batch/s, loss=0.2625]
                                                                                  
val epoch 1: 100%|██████████| 318/318 [01:24<00:00,  4.05batch/s, loss=0.2049]
                                                                              
epoch 1/20: train_loss=0.3214 | val_loss=0.2188

2026-09-15 05:45:36 | INFO | epoch 1/20: train_loss=0.3214 | val_loss=0.2188 (checkpoint TỐT NHẤT đã lưu)

train epoch 2: 100%|██████████| 2223/2223 [24:30<00:00,  1.85batch/s, loss=0.3801]
                                                                                  
val epoch 2: 100%|██████████| 318/318 [01:25<00:00,  4.15batch/s, loss=0.1707]
                                                                              
epoch 2/20: train_loss=0.2281 | val_loss=0.1727

2026-09-15 06:11:32 | INFO | epoch 2/20: train_loss=0.2281 | val_loss=0.1727 (checkpoint TỐT NHẤT đã lưu)

train epoch 3: 100%|██████████| 2223/2223 [24:26<00:00,  1.91batch/s, loss=0.0631]
                                                                                  
val epoch 3: 100%|██████████| 318/318 [01:25<00:00,  4.20batch/s, loss=0.1797]
                                                                              
epoch 3/20: train_loss=0.1903 | val_loss=0.1391

2026-09-15 06:37:24 | INFO | epoch 3/20: train_loss=0.1903 | val_loss=0.1391 (checkpoint TỐT NHẤT đã lưu)

train epoch 4: 100%|██████████| 2223/2223 [24:24<00:00,  1.67batch/s, loss=0.1546]
                                                                                  
val epoch 4: 100%|██████████| 318/318 [01:25<00:00,  4.15batch/s, loss=0.1702]
                                                                              
epoch 4/20: train_loss=0.1659 | val_loss=0.1307

2026-09-15 07:03:15 | INFO | epoch 4/20: train_loss=0.1659 | val_loss=0.1307 (checkpoint TỐT NHẤT đã lưu)

train epoch 5: 100%|██████████| 2223/2223 [24:18<00:00,  1.06batch/s, loss=0.2394]
                                                                                  
val epoch 5: 100%|██████████| 318/318 [01:25<00:00,  4.18batch/s, loss=0.1800]
                                                                              
epoch 5/20: train_loss=0.1486 | val_loss=0.1159

2026-09-15 07:28:59 | INFO | epoch 5/20: train_loss=0.1486 | val_loss=0.1159 (checkpoint TỐT NHẤT đã lưu)

train epoch 6: 100%|██████████| 2223/2223 [24:37<00:00,  1.69batch/s, loss=0.1609]
                                                                                  
val epoch 6: 100%|██████████| 318/318 [01:25<00:00,  4.15batch/s, loss=0.1053]
                                                                              
epoch 6/20: train_loss=0.1352 | val_loss=0.1092

2026-09-15 07:55:02 | INFO | epoch 6/20: train_loss=0.1352 | val_loss=0.1092 (checkpoint TỐT NHẤT đã lưu)

train epoch 7: 100%|██████████| 2223/2223 [23:59<00:00,  1.84batch/s, loss=0.0422]
                                                                                  
val epoch 7: 100%|██████████| 318/318 [01:21<00:00,  4.37batch/s, loss=0.0752]
                                                                              
epoch 7/20: train_loss=0.1253 | val_loss=0.1204

2026-09-15 08:20:24 | INFO | epoch 7/20: train_loss=0.1253 | val_loss=0.1204 (không cải thiện, bỏ qua checkpoint)

train epoch 8: 100%|██████████| 2223/2223 [23:32<00:00,  1.74batch/s, loss=0.1196]
                                                                                  
val epoch 8: 100%|██████████| 318/318 [01:17<00:00,  4.88batch/s, loss=0.1050]
                                                                              
epoch 8/20: train_loss=0.1168 | val_loss=0.0997

2026-09-15 08:45:14 | INFO | epoch 8/20: train_loss=0.1168 | val_loss=0.0997 (checkpoint TỐT NHẤT đã lưu)

train epoch 9: 100%|██████████| 2223/2223 [23:36<00:00,  1.83batch/s, loss=0.0810]
                                                                                  
val epoch 9: 100%|██████████| 318/318 [01:18<00:00,  4.87batch/s, loss=0.0384]
                                                                              
epoch 9/20: train_loss=0.1078 | val_loss=0.0912

2026-09-15 09:10:08 | INFO | epoch 9/20: train_loss=0.1078 | val_loss=0.0912 (checkpoint TỐT NHẤT đã lưu)

train epoch 10: 100%|██████████| 2223/2223 [25:26<00:00,  1.54batch/s, loss=0.0491]
                                                                                   
val epoch 10: 100%|██████████| 318/318 [01:30<00:00,  4.02batch/s, loss=0.0234]
                                                                               
epoch 10/20: train_loss=0.1022 | val_loss=0.0865

2026-09-15 09:37:05 | INFO | epoch 10/20: train_loss=0.1022 | val_loss=0.0865 (checkpoint TỐT NHẤT đã lưu)

train epoch 11: 100%|██████████| 2223/2223 [25:45<00:00,  1.74batch/s, loss=0.1068]
                                                                                   
val epoch 11: 100%|██████████| 318/318 [01:27<00:00,  4.11batch/s, loss=0.0367]
                                                                               
epoch 11/20: train_loss=0.0975 | val_loss=0.0824

2026-09-15 10:04:18 | INFO | epoch 11/20: train_loss=0.0975 | val_loss=0.0824 (checkpoint TỐT NHẤT đã lưu)

train epoch 12: 100%|██████████| 2223/2223 [25:00<00:00,  1.86batch/s, loss=0.0626]
                                                                                   
val epoch 12: 100%|██████████| 318/318 [01:25<00:00,  4.17batch/s, loss=0.0376]
                                                                               
epoch 12/20: train_loss=0.0921 | val_loss=0.0806

2026-09-15 10:30:44 | INFO | epoch 12/20: train_loss=0.0921 | val_loss=0.0806 (checkpoint TỐT NHẤT đã lưu)

train epoch 13: 100%|██████████| 2223/2223 [23:48<00:00,  1.81batch/s, loss=0.1323]
                                                                                   
val epoch 13: 100%|█████████▉| 317/318 [01:18<00:00,  4.29batch/s, loss=0.0324]
                                                                               
epoch 13/20: train_loss=0.0858 | val_loss=0.0786

2026-09-15 10:55:51 | INFO | epoch 13/20: train_loss=0.0858 | val_loss=0.0786 (checkpoint TỐT NHẤT đã lưu)

train epoch 14: 100%|██████████| 2223/2223 [23:43<00:00,  1.47batch/s, loss=0.1454]
                                                                                   
val epoch 14: 100%|██████████| 318/318 [01:19<00:00,  5.07batch/s, loss=0.0480]
                                                                               
epoch 14/20: train_loss=0.0832 | val_loss=0.0788

2026-09-15 11:20:55 | INFO | epoch 14/20: train_loss=0.0832 | val_loss=0.0788 (không cải thiện, bỏ qua checkpoint)

train epoch 15: 100%|██████████| 2223/2223 [23:53<00:00,  1.45batch/s, loss=0.1332]
                                                                                   
val epoch 15: 100%|██████████| 318/318 [01:25<00:00,  4.21batch/s, loss=0.0759]
                                                                               
epoch 15/20: train_loss=0.0775 | val_loss=0.0875

2026-09-15 11:46:13 | INFO | epoch 15/20: train_loss=0.0775 | val_loss=0.0875 (không cải thiện, bỏ qua checkpoint)

train epoch 16: 100%|██████████| 2223/2223 [24:02<00:00,  1.98batch/s, loss=0.3722]
                                                                                   
val epoch 16: 100%|█████████▉| 317/318 [01:17<00:00,  4.26batch/s, loss=0.1014]
                                                                               
epoch 16/20: train_loss=0.0736 | val_loss=0.0769

2026-09-15 12:11:34 | INFO | epoch 16/20: train_loss=0.0736 | val_loss=0.0769 (checkpoint TỐT NHẤT đã lưu)

train epoch 17: 100%|██████████| 2223/2223 [23:51<00:00,  1.43batch/s, loss=0.0900]
                                                                                   
val epoch 17: 100%|██████████| 318/318 [01:25<00:00,  4.20batch/s, loss=0.0295]
                                                                               
epoch 17/20: train_loss=0.0704 | val_loss=0.0705

2026-09-15 12:36:51 | INFO | epoch 17/20: train_loss=0.0704 | val_loss=0.0705 (checkpoint TỐT NHẤT đã lưu)

train epoch 18: 100%|██████████| 2223/2223 [23:54<00:00,  1.60batch/s, loss=0.0156]
                                                                                   
val epoch 18: 100%|█████████▉| 317/318 [01:20<00:00,  4.30batch/s, loss=0.0519]
                                                                               
epoch 18/20: train_loss=0.0682 | val_loss=0.0751

2026-09-15 13:02:06 | INFO | epoch 18/20: train_loss=0.0682 | val_loss=0.0751 (không cải thiện, bỏ qua checkpoint)

train epoch 19: 100%|██████████| 2223/2223 [23:45<00:00,  1.81batch/s, loss=0.0130]
                                                                                   
val epoch 19: 100%|██████████| 318/318 [01:18<00:00,  5.03batch/s, loss=0.0657]
                                                                               
epoch 19/20: train_loss=0.0637 | val_loss=0.0870

2026-09-15 13:27:11 | INFO | epoch 19/20: train_loss=0.0637 | val_loss=0.0870 (không cải thiện, bỏ qua checkpoint)

train epoch 20: 100%|██████████| 2223/2223 [23:27<00:00,  1.67batch/s, loss=0.2199]
                                                                                   
val epoch 20: 100%|█████████▉| 317/318 [01:14<00:00,  4.41batch/s, loss=0.0279]
                                                                               
epoch 20/20: train_loss=0.0598 | val_loss=0.0743

2026-09-15 13:51:53 | INFO | epoch 20/20: train_loss=0.0598 | val_loss=0.0743 (không cải thiện, bỏ qua checkpoint)

2026-09-15 13:51:53 | INFO | hoàn tất huấn luyện 20 epoch, checkpoint: results\checkpoints\E07_robust_seed456.pt

2026-09-15 13:51:53 | INFO | epoch cuối: train_loss=0.0598, val_loss=0.07430749673819069

2026-09-15 13:51:53 | INFO | checkpoint giữ epoch TỐT NHẤT: epoch 17 (val_loss=0.0705)

2026-09-15 13:54:46 | INFO | clean test: f1=0.9820, roc_auc=0.9966094450091071

2026-09-15 13:54:47 | INFO | kết quả đã lưu: results\raw\E07_robust_seed456.json (runtime=30925.76s)

