2026-09-18 10:04:47 | INFO | ===== BẮT ĐẦU E07_robust_seed456 (training_mode=robust) =====

2026-09-18 10:04:47 | INFO | seed=456

2026-09-18 10:04:47 | INFO | device=cuda

2026-09-18 10:04:47 | INFO | dataset root: C:\Users\LEGION\Desktop\eKYC\ekyc-face-pad\data\raw\celeba_spoof_full

2026-09-18 10:04:56 | INFO | samples: total=203215, bona_fide=70288, spoof=132927, spoof_ratio=0.6541 (mục 15)

2026-09-18 10:04:56 | INFO | tái sử dụng splits: data\splits\celeba_spoof_full_seed123_subject_disjoint.json

2026-09-18 10:04:57 | INFO | split train: 203215 mẫu

2026-09-18 10:04:57 | INFO | split val: 20773 mẫu

2026-09-18 10:04:57 | INFO | split test: 20042 mẫu

2026-09-18 10:04:57 | INFO | model=mobilenet_v2, params=2225153, size=8.62 MB

train epoch 1: 100%|██████████| 3176/3176 [38:16<00:00,  1.73batch/s, loss=0.2924]
                                                                                  
val epoch 1: 100%|██████████| 325/325 [01:32<00:00,  3.52batch/s, loss=0.1248]
                                                                              
epoch 1/20: train_loss=0.2924 | val_loss=0.1815

2026-09-18 10:44:47 | INFO | epoch 1/20: train_loss=0.2924 | val_loss=0.1815 (checkpoint TỐT NHẤT đã lưu)

train epoch 2: 100%|██████████| 3176/3176 [37:54<00:00,  1.77batch/s, loss=0.0896]
                                                                                  
val epoch 2: 100%|██████████| 325/325 [01:32<00:00,  3.64batch/s, loss=0.1891]
                                                                              
epoch 2/20: train_loss=0.1982 | val_loss=0.1528

2026-09-18 11:24:14 | INFO | epoch 2/20: train_loss=0.1982 | val_loss=0.1528 (checkpoint TỐT NHẤT đã lưu)

train epoch 3: 100%|██████████| 3176/3176 [45:47<00:00,  1.46batch/s, loss=0.0912]
                                                                                  
val epoch 3: 100%|██████████| 325/325 [02:03<00:00,  2.69batch/s, loss=0.1840]
                                                                              
epoch 3/20: train_loss=0.1619 | val_loss=0.1355

2026-09-18 12:12:06 | INFO | epoch 3/20: train_loss=0.1619 | val_loss=0.1355 (checkpoint TỐT NHẤT đã lưu)

train epoch 4: 100%|██████████| 3176/3176 [40:43<00:00,  1.76batch/s, loss=0.1009]
                                                                                  
val epoch 4: 100%|██████████| 325/325 [01:33<00:00,  3.64batch/s, loss=0.2198]
                                                                              
epoch 4/20: train_loss=0.1410 | val_loss=0.1936

2026-09-18 12:54:22 | INFO | epoch 4/20: train_loss=0.1410 | val_loss=0.1936 (không cải thiện, bỏ qua checkpoint)

train epoch 5: 100%|██████████| 3176/3176 [37:30<00:00,  1.82batch/s, loss=0.5399]
                                                                                  
val epoch 5: 100%|██████████| 325/325 [01:34<00:00,  3.58batch/s, loss=0.2189]
                                                                              
epoch 5/20: train_loss=0.1259 | val_loss=0.0980

2026-09-18 13:33:27 | INFO | epoch 5/20: train_loss=0.1259 | val_loss=0.0980 (checkpoint TỐT NHẤT đã lưu)

train epoch 6: 100%|██████████| 3176/3176 [37:12<00:00,  2.06batch/s, loss=0.0774]
                                                                                  
val epoch 6: 100%|██████████| 325/325 [01:31<00:00,  3.51batch/s, loss=0.2137]
                                                                              
epoch 6/20: train_loss=0.1164 | val_loss=0.0856

2026-09-18 14:12:11 | INFO | epoch 6/20: train_loss=0.1164 | val_loss=0.0856 (checkpoint TỐT NHẤT đã lưu)

train epoch 7: 100%|██████████| 3176/3176 [37:37<00:00,  1.73batch/s, loss=0.0776]
                                                                                  
val epoch 7: 100%|██████████| 325/325 [01:31<00:00,  3.72batch/s, loss=0.1867]
                                                                              
epoch 7/20: train_loss=0.1058 | val_loss=0.0927

2026-09-18 14:51:21 | INFO | epoch 7/20: train_loss=0.1058 | val_loss=0.0927 (không cải thiện, bỏ qua checkpoint)

train epoch 8: 100%|██████████| 3176/3176 [37:02<00:00,  1.95batch/s, loss=0.1447]
                                                                                  
val epoch 8: 100%|██████████| 325/325 [01:31<00:00,  3.70batch/s, loss=0.1821]
                                                                              
epoch 8/20: train_loss=0.0974 | val_loss=0.0749

2026-09-18 15:29:55 | INFO | epoch 8/20: train_loss=0.0974 | val_loss=0.0749 (checkpoint TỐT NHẤT đã lưu)

train epoch 9: 100%|██████████| 3176/3176 [37:27<00:00,  1.93batch/s, loss=0.1722]
                                                                                  
val epoch 9: 100%|██████████| 325/325 [01:33<00:00,  3.60batch/s, loss=0.1897]
                                                                              
epoch 9/20: train_loss=0.0917 | val_loss=0.0736

2026-09-18 16:08:55 | INFO | epoch 9/20: train_loss=0.0917 | val_loss=0.0736 (checkpoint TỐT NHẤT đã lưu)

train epoch 10: 100%|██████████| 3176/3176 [37:17<00:00,  1.79batch/s, loss=0.0042]
                                                                                   
val epoch 10: 100%|██████████| 325/325 [01:31<00:00,  3.72batch/s, loss=0.1240]
                                                                               
epoch 10/20: train_loss=0.0861 | val_loss=0.0644

2026-09-18 16:47:44 | INFO | epoch 10/20: train_loss=0.0861 | val_loss=0.0644 (checkpoint TỐT NHẤT đã lưu)

train epoch 11: 100%|██████████| 3176/3176 [37:09<00:00,  1.52batch/s, loss=0.2301]
                                                                                   
val epoch 11: 100%|██████████| 325/325 [01:33<00:00,  3.60batch/s, loss=0.1554]
                                                                               
epoch 11/20: train_loss=0.0803 | val_loss=0.0616

2026-09-18 17:26:27 | INFO | epoch 11/20: train_loss=0.0803 | val_loss=0.0616 (checkpoint TỐT NHẤT đã lưu)

train epoch 12: 100%|██████████| 3176/3176 [37:46<00:00,  1.74batch/s, loss=0.0587]
                                                                                   
val epoch 12: 100%|██████████| 325/325 [01:33<00:00,  3.58batch/s, loss=0.1032]
                                                                               
epoch 12/20: train_loss=0.0764 | val_loss=0.0638

2026-09-18 18:05:47 | INFO | epoch 12/20: train_loss=0.0764 | val_loss=0.0638 (không cải thiện, bỏ qua checkpoint)

train epoch 13: 100%|██████████| 3176/3176 [44:34<00:00,  1.76batch/s, loss=0.1042]
                                                                                   
val epoch 13: 100%|██████████| 325/325 [01:35<00:00,  3.66batch/s, loss=0.1515]
                                                                               
epoch 13/20: train_loss=0.0708 | val_loss=0.0616

2026-09-18 18:51:57 | INFO | epoch 13/20: train_loss=0.0708 | val_loss=0.0616 (không cải thiện, bỏ qua checkpoint)

train epoch 14: 100%|██████████| 3176/3176 [37:22<00:00,  1.87batch/s, loss=0.0149]
                                                                                   
val epoch 14: 100%|██████████| 325/325 [01:33<00:00,  3.63batch/s, loss=0.2065]
                                                                               
epoch 14/20: train_loss=0.0677 | val_loss=0.0585

2026-09-18 19:30:54 | INFO | epoch 14/20: train_loss=0.0677 | val_loss=0.0585 (checkpoint TỐT NHẤT đã lưu)

train epoch 15: 100%|██████████| 3176/3176 [37:45<00:00,  1.57batch/s, loss=0.3284]
                                                                                   
val epoch 15: 100%|██████████| 325/325 [01:32<00:00,  3.68batch/s, loss=0.0676]
                                                                               
epoch 15/20: train_loss=0.0650 | val_loss=0.0628

2026-09-18 20:10:12 | INFO | epoch 15/20: train_loss=0.0650 | val_loss=0.0628 (không cải thiện, bỏ qua checkpoint)

train epoch 16: 100%|██████████| 3176/3176 [36:57<00:00,  2.12batch/s, loss=0.0341]
                                                                                   
val epoch 16: 100%|██████████| 325/325 [01:28<00:00,  3.78batch/s, loss=0.1368]
                                                                               
epoch 16/20: train_loss=0.0606 | val_loss=0.0664

2026-09-18 20:48:38 | INFO | epoch 16/20: train_loss=0.0606 | val_loss=0.0664 (không cải thiện, bỏ qua checkpoint)

train epoch 17: 100%|██████████| 3176/3176 [41:58<00:00,  1.73batch/s, loss=0.0255]
                                                                                   
val epoch 17: 100%|██████████| 325/325 [02:05<00:00,  3.14batch/s, loss=0.1157]
                                                                               
epoch 17/20: train_loss=0.0573 | val_loss=0.0594

2026-09-18 21:32:43 | INFO | epoch 17/20: train_loss=0.0573 | val_loss=0.0594 (không cải thiện, bỏ qua checkpoint)

train epoch 18: 100%|██████████| 3176/3176 [43:01<00:00,  1.96batch/s, loss=0.1630]
                                                                                   
val epoch 18: 100%|██████████| 325/325 [01:29<00:00,  3.84batch/s, loss=0.0553]
                                                                               
epoch 18/20: train_loss=0.0544 | val_loss=0.0487

2026-09-18 22:17:14 | INFO | epoch 18/20: train_loss=0.0544 | val_loss=0.0487 (checkpoint TỐT NHẤT đã lưu)

train epoch 19: 100%|██████████| 3176/3176 [39:06<00:00,  1.92batch/s, loss=0.1526]
                                                                                   
val epoch 19: 100%|██████████| 325/325 [01:36<00:00,  3.41batch/s, loss=0.0571]
                                                                               
epoch 19/20: train_loss=0.0518 | val_loss=0.0526

2026-09-18 22:57:57 | INFO | epoch 19/20: train_loss=0.0518 | val_loss=0.0526 (không cải thiện, bỏ qua checkpoint)

train epoch 20: 100%|██████████| 3176/3176 [39:58<00:00,  1.57batch/s, loss=0.0032]
                                                                                   
val epoch 20: 100%|██████████| 325/325 [01:48<00:00,  3.33batch/s, loss=0.1457]
                                                                               
epoch 20/20: train_loss=0.0508 | val_loss=0.0545

2026-09-18 23:39:44 | INFO | epoch 20/20: train_loss=0.0508 | val_loss=0.0545 (không cải thiện, bỏ qua checkpoint)

2026-09-18 23:39:44 | INFO | hoàn tất huấn luyện 20 epoch, checkpoint: results\checkpoints\E07_robust_seed456.pt

2026-09-18 23:39:44 | INFO | epoch cuối: train_loss=0.0508, val_loss=0.054510700232383635

2026-09-18 23:39:44 | INFO | checkpoint giữ epoch TỐT NHẤT: epoch 18 (val_loss=0.0487)

2026-09-18 23:41:06 | INFO | clean test: f1=0.8674, roc_auc=0.9525525214132347

2026-09-18 23:41:06 | INFO | kết quả đã lưu: results\raw\E07_robust_seed456.json (runtime=48978.49s)

