2026-09-19 01:06:12 | INFO | ===== BẮT ĐẦU E01_baseline_seed789 (training_mode=clean) =====

2026-09-19 01:06:12 | INFO | seed=789

2026-09-19 01:06:12 | INFO | device=cuda

2026-09-19 01:06:12 | INFO | dataset root: C:\Users\LEGION\Desktop\eKYC\ekyc-face-pad\data\raw\celeba_spoof_full

2026-09-19 01:06:35 | INFO | samples: total=203215, bona_fide=70288, spoof=132927, spoof_ratio=0.6541 (mục 15)

2026-09-19 01:06:35 | INFO | tái sử dụng splits: data\splits\celeba_spoof_full_seed123_subject_disjoint.json

2026-09-19 01:06:37 | INFO | split train: 203215 mẫu

2026-09-19 01:06:37 | INFO | split val: 20773 mẫu

2026-09-19 01:06:37 | INFO | split test: 20042 mẫu

2026-09-19 01:06:37 | INFO | model=mobilenet_v2, params=2225153, size=8.62 MB

train epoch 1: 100%|██████████| 3176/3176 [25:35<00:00,  2.60batch/s, loss=0.6145]
                                                                                  
val epoch 1: 100%|██████████| 325/325 [01:38<00:00,  3.33batch/s, loss=0.0644]
                                                                              
epoch 1/20: train_loss=0.2373 | val_loss=0.1555

2026-09-19 01:33:52 | INFO | epoch 1/20: train_loss=0.2373 | val_loss=0.1555 (checkpoint TỐT NHẤT đã lưu)

train epoch 2: 100%|██████████| 3176/3176 [22:00<00:00,  2.87batch/s, loss=0.0691]
                                                                                  
val epoch 2: 100%|██████████| 325/325 [01:36<00:00,  3.52batch/s, loss=0.1117]
                                                                              
epoch 2/20: train_loss=0.1343 | val_loss=0.1121

2026-09-19 01:57:29 | INFO | epoch 2/20: train_loss=0.1343 | val_loss=0.1121 (checkpoint TỐT NHẤT đã lưu)

train epoch 3: 100%|██████████| 3176/3176 [24:10<00:00,  2.75batch/s, loss=0.0316]
                                                                                  
val epoch 3: 100%|██████████| 325/325 [01:52<00:00,  3.02batch/s, loss=0.0737]
                                                                              
epoch 3/20: train_loss=0.1029 | val_loss=0.0956

2026-09-19 02:23:32 | INFO | epoch 3/20: train_loss=0.1029 | val_loss=0.0956 (checkpoint TỐT NHẤT đã lưu)

train epoch 4: 100%|██████████| 3176/3176 [26:15<00:00,  3.20batch/s, loss=0.0048]
                                                                                  
val epoch 4: 100%|██████████| 325/325 [01:33<00:00,  3.63batch/s, loss=0.0763]
                                                                              
epoch 4/20: train_loss=0.0843 | val_loss=0.0804

2026-09-19 02:51:21 | INFO | epoch 4/20: train_loss=0.0843 | val_loss=0.0804 (checkpoint TỐT NHẤT đã lưu)

train epoch 5: 100%|██████████| 3176/3176 [21:04<00:00,  3.33batch/s, loss=0.0124]
                                                                                  
val epoch 5: 100%|██████████| 325/325 [01:31<00:00,  3.64batch/s, loss=0.0344]
                                                                              
epoch 5/20: train_loss=0.0719 | val_loss=0.0696

2026-09-19 03:13:57 | INFO | epoch 5/20: train_loss=0.0719 | val_loss=0.0696 (checkpoint TỐT NHẤT đã lưu)

train epoch 6: 100%|██████████| 3176/3176 [20:56<00:00,  3.11batch/s, loss=0.0317]
                                                                                  
val epoch 6: 100%|██████████| 325/325 [01:32<00:00,  3.72batch/s, loss=0.0243]
                                                                              
epoch 6/20: train_loss=0.0618 | val_loss=0.0634

2026-09-19 03:36:26 | INFO | epoch 6/20: train_loss=0.0618 | val_loss=0.0634 (checkpoint TỐT NHẤT đã lưu)

train epoch 7: 100%|██████████| 3176/3176 [20:48<00:00,  3.09batch/s, loss=0.0888]
                                                                                  
val epoch 7: 100%|██████████| 325/325 [01:32<00:00,  3.63batch/s, loss=0.0307]
                                                                              
epoch 7/20: train_loss=0.0548 | val_loss=0.0607

2026-09-19 03:58:47 | INFO | epoch 7/20: train_loss=0.0548 | val_loss=0.0607 (checkpoint TỐT NHẤT đã lưu)

train epoch 8: 100%|██████████| 3176/3176 [20:48<00:00,  3.20batch/s, loss=0.0120]
                                                                                  
val epoch 8: 100%|██████████| 325/325 [01:32<00:00,  3.77batch/s, loss=0.0107]
                                                                              
epoch 8/20: train_loss=0.0480 | val_loss=0.0592

2026-09-19 04:21:08 | INFO | epoch 8/20: train_loss=0.0480 | val_loss=0.0592 (checkpoint TỐT NHẤT đã lưu)

train epoch 9: 100%|██████████| 3176/3176 [21:04<00:00,  3.17batch/s, loss=0.0007]
                                                                                  
val epoch 9: 100%|██████████| 325/325 [01:34<00:00,  3.60batch/s, loss=0.0124]
                                                                              
epoch 9/20: train_loss=0.0445 | val_loss=0.0594

2026-09-19 04:43:47 | INFO | epoch 9/20: train_loss=0.0445 | val_loss=0.0594 (không cải thiện, bỏ qua checkpoint)

train epoch 10: 100%|██████████| 3176/3176 [21:07<00:00,  3.04batch/s, loss=0.1498]
                                                                                   
val epoch 10: 100%|██████████| 325/325 [01:33<00:00,  3.63batch/s, loss=0.0176]
                                                                               
epoch 10/20: train_loss=0.0389 | val_loss=0.0579

2026-09-19 05:06:29 | INFO | epoch 10/20: train_loss=0.0389 | val_loss=0.0579 (checkpoint TỐT NHẤT đã lưu)

train epoch 11: 100%|██████████| 3176/3176 [21:06<00:00,  3.13batch/s, loss=0.0239]
                                                                                   
val epoch 11: 100%|██████████| 325/325 [01:34<00:00,  3.78batch/s, loss=0.0077]
                                                                               
epoch 11/20: train_loss=0.0370 | val_loss=0.0519

2026-09-19 05:29:10 | INFO | epoch 11/20: train_loss=0.0370 | val_loss=0.0519 (checkpoint TỐT NHẤT đã lưu)

train epoch 12: 100%|██████████| 3176/3176 [21:03<00:00,  3.13batch/s, loss=0.0186]
                                                                                   
val epoch 12: 100%|██████████| 325/325 [01:34<00:00,  3.60batch/s, loss=0.0161]
                                                                               
epoch 12/20: train_loss=0.0323 | val_loss=0.0572

2026-09-19 05:51:47 | INFO | epoch 12/20: train_loss=0.0323 | val_loss=0.0572 (không cải thiện, bỏ qua checkpoint)

train epoch 13: 100%|██████████| 3176/3176 [21:01<00:00,  2.90batch/s, loss=0.0033]
                                                                                   
val epoch 13: 100%|██████████| 325/325 [01:34<00:00,  3.59batch/s, loss=0.0531]
                                                                               
epoch 13/20: train_loss=0.0298 | val_loss=0.0638

2026-09-19 06:14:23 | INFO | epoch 13/20: train_loss=0.0298 | val_loss=0.0638 (không cải thiện, bỏ qua checkpoint)

train epoch 14: 100%|██████████| 3176/3176 [21:03<00:00,  3.21batch/s, loss=0.1860]
                                                                                   
val epoch 14: 100%|██████████| 325/325 [01:34<00:00,  3.55batch/s, loss=0.0567]
                                                                               
epoch 14/20: train_loss=0.0280 | val_loss=0.0624

2026-09-19 06:37:01 | INFO | epoch 14/20: train_loss=0.0280 | val_loss=0.0624 (không cải thiện, bỏ qua checkpoint)

train epoch 15: 100%|██████████| 3176/3176 [21:10<00:00,  3.22batch/s, loss=0.1565]
                                                                                   
val epoch 15: 100%|██████████| 325/325 [01:33<00:00,  3.63batch/s, loss=0.0118]
                                                                               
epoch 15/20: train_loss=0.0259 | val_loss=0.0450

2026-09-19 06:59:45 | INFO | epoch 15/20: train_loss=0.0259 | val_loss=0.0450 (checkpoint TỐT NHẤT đã lưu)

train epoch 16: 100%|██████████| 3176/3176 [21:19<00:00,  3.05batch/s, loss=0.0166]
                                                                                   
val epoch 16: 100%|██████████| 325/325 [01:35<00:00,  3.60batch/s, loss=0.0142]
                                                                               
epoch 16/20: train_loss=0.0238 | val_loss=0.0402

2026-09-19 07:22:41 | INFO | epoch 16/20: train_loss=0.0238 | val_loss=0.0402 (checkpoint TỐT NHẤT đã lưu)

train epoch 17: 100%|██████████| 3176/3176 [21:10<00:00,  3.19batch/s, loss=0.0031]
                                                                                   
val epoch 17: 100%|██████████| 325/325 [01:34<00:00,  3.50batch/s, loss=0.0354]
                                                                               
epoch 17/20: train_loss=0.0217 | val_loss=0.0590

2026-09-19 07:45:26 | INFO | epoch 17/20: train_loss=0.0217 | val_loss=0.0590 (không cải thiện, bỏ qua checkpoint)

train epoch 18: 100%|██████████| 3176/3176 [21:11<00:00,  3.12batch/s, loss=0.0006]
                                                                                   
val epoch 18: 100%|██████████| 325/325 [01:34<00:00,  3.73batch/s, loss=0.0471]
                                                                               
epoch 18/20: train_loss=0.0206 | val_loss=0.0419

2026-09-19 08:08:11 | INFO | epoch 18/20: train_loss=0.0206 | val_loss=0.0419 (không cải thiện, bỏ qua checkpoint)

train epoch 19: 100%|██████████| 3176/3176 [21:11<00:00,  3.11batch/s, loss=0.0013]
                                                                                   
val epoch 19: 100%|██████████| 325/325 [01:33<00:00,  3.44batch/s, loss=0.0120]
                                                                               
epoch 19/20: train_loss=0.0189 | val_loss=0.0505

2026-09-19 08:30:56 | INFO | epoch 19/20: train_loss=0.0189 | val_loss=0.0505 (không cải thiện, bỏ qua checkpoint)

train epoch 20: 100%|██████████| 3176/3176 [21:12<00:00,  2.85batch/s, loss=0.0005]
                                                                                   
val epoch 20: 100%|██████████| 325/325 [01:34<00:00,  3.68batch/s, loss=0.0678]
                                                                               
epoch 20/20: train_loss=0.0180 | val_loss=0.0492

2026-09-19 08:53:44 | INFO | epoch 20/20: train_loss=0.0180 | val_loss=0.0492 (không cải thiện, bỏ qua checkpoint)

2026-09-19 08:53:44 | INFO | hoàn tất huấn luyện 20 epoch, checkpoint: results\checkpoints\E01_baseline_seed789.pt

2026-09-19 08:53:44 | INFO | epoch cuối: train_loss=0.0180, val_loss=0.0492207615426514

2026-09-19 08:53:44 | INFO | checkpoint giữ epoch TỐT NHẤT: epoch 16 (val_loss=0.0402)

2026-09-19 08:55:11 | INFO | clean test: f1=0.8927, roc_auc=0.9687921327894315

2026-09-19 08:55:11 | INFO | kết quả đã lưu: results\raw\E01_baseline_seed789.json (runtime=28138.55s)

