2026-09-15 00:05:41 | INFO | ===== BẮT ĐẦU E01_baseline_seed456 (training_mode=clean) =====

2026-09-15 00:05:41 | INFO | seed=456

2026-09-15 00:05:41 | INFO | device=cuda

2026-09-15 00:05:41 | INFO | dataset root: C:\Users\LEGION\Desktop\New folder\ekyc-face-pad\data\raw\celeba_spoof_full

2026-09-15 00:05:50 | INFO | samples: total=203215, bona_fide=70288, spoof=132927, spoof_ratio=0.6541 (mục 15)

2026-09-15 00:05:51 | INFO | tái sử dụng splits: data\splits\celeba_spoof_full_seed123_subject_disjoint.json

2026-09-15 00:05:51 | INFO | split train: 142250 mẫu

2026-09-15 00:05:51 | INFO | split val: 20322 mẫu

2026-09-15 00:05:51 | INFO | split test: 40643 mẫu

2026-09-15 00:05:51 | INFO | model=mobilenet_v2, params=2225153, size=8.62 MB

train epoch 1: 100%|██████████| 2223/2223 [14:20<00:00,  2.72batch/s, loss=0.2179]
                                                                                  
val epoch 1: 100%|██████████| 318/318 [01:37<00:00,  3.34batch/s, loss=0.2207]
                                                                              
epoch 1/20: train_loss=0.2723 | val_loss=0.1895

2026-09-15 00:21:50 | INFO | epoch 1/20: train_loss=0.2723 | val_loss=0.1895 (checkpoint TỐT NHẤT đã lưu)

train epoch 2: 100%|██████████| 2223/2223 [15:48<00:00,  2.70batch/s, loss=0.3694]
                                                                                  
val epoch 2: 100%|██████████| 318/318 [01:41<00:00,  3.52batch/s, loss=0.1077]
                                                                              
epoch 2/20: train_loss=0.1698 | val_loss=0.1402

2026-09-15 00:39:20 | INFO | epoch 2/20: train_loss=0.1698 | val_loss=0.1402 (checkpoint TỐT NHẤT đã lưu)

train epoch 3: 100%|██████████| 2223/2223 [15:44<00:00,  2.70batch/s, loss=0.0759]
                                                                                  
val epoch 3: 100%|██████████| 318/318 [01:40<00:00,  3.63batch/s, loss=0.2542]
                                                                              
epoch 3/20: train_loss=0.1277 | val_loss=0.1186

2026-09-15 00:56:45 | INFO | epoch 3/20: train_loss=0.1277 | val_loss=0.1186 (checkpoint TỐT NHẤT đã lưu)

train epoch 4: 100%|██████████| 2223/2223 [15:49<00:00,  2.56batch/s, loss=0.0328]
                                                                                  
val epoch 4: 100%|██████████| 318/318 [01:41<00:00,  3.45batch/s, loss=0.1446]
                                                                              
epoch 4/20: train_loss=0.1066 | val_loss=0.1069

2026-09-15 01:14:17 | INFO | epoch 4/20: train_loss=0.1066 | val_loss=0.1069 (checkpoint TỐT NHẤT đã lưu)

train epoch 5: 100%|██████████| 2223/2223 [15:57<00:00,  2.24batch/s, loss=0.0328]
                                                                                  
val epoch 5: 100%|██████████| 318/318 [01:41<00:00,  3.53batch/s, loss=0.1130]
                                                                              
epoch 5/20: train_loss=0.0914 | val_loss=0.1288

2026-09-15 01:31:56 | INFO | epoch 5/20: train_loss=0.0914 | val_loss=0.1288 (không cải thiện, bỏ qua checkpoint)

train epoch 6: 100%|██████████| 2223/2223 [15:35<00:00,  2.97batch/s, loss=0.2317]
                                                                                  
val epoch 6: 100%|██████████| 318/318 [01:24<00:00,  4.46batch/s, loss=0.0640]
                                                                              
epoch 6/20: train_loss=0.0800 | val_loss=0.0760

2026-09-15 01:48:56 | INFO | epoch 6/20: train_loss=0.0800 | val_loss=0.0760 (checkpoint TỐT NHẤT đã lưu)

train epoch 7: 100%|██████████| 2223/2223 [13:13<00:00,  3.19batch/s, loss=0.0091]
                                                                                  
val epoch 7: 100%|██████████| 318/318 [01:19<00:00,  4.46batch/s, loss=0.1070]
                                                                              
epoch 7/20: train_loss=0.0716 | val_loss=0.0754

2026-09-15 02:03:29 | INFO | epoch 7/20: train_loss=0.0716 | val_loss=0.0754 (checkpoint TỐT NHẤT đã lưu)

train epoch 8: 100%|██████████| 2223/2223 [12:43<00:00,  3.28batch/s, loss=0.0485]
                                                                                  
val epoch 8: 100%|██████████| 318/318 [01:09<00:00,  5.12batch/s, loss=0.1400]
                                                                              
epoch 8/20: train_loss=0.0654 | val_loss=0.0870

2026-09-15 02:17:22 | INFO | epoch 8/20: train_loss=0.0654 | val_loss=0.0870 (không cải thiện, bỏ qua checkpoint)

train epoch 9: 100%|██████████| 2223/2223 [12:45<00:00,  2.83batch/s, loss=0.0123]
                                                                                  
val epoch 9: 100%|██████████| 318/318 [01:20<00:00,  4.42batch/s, loss=0.0433]
                                                                              
epoch 9/20: train_loss=0.0575 | val_loss=0.0660

2026-09-15 02:31:28 | INFO | epoch 9/20: train_loss=0.0575 | val_loss=0.0660 (checkpoint TỐT NHẤT đã lưu)

train epoch 10: 100%|██████████| 2223/2223 [13:11<00:00,  3.08batch/s, loss=0.0158]
                                                                                   
val epoch 10: 100%|██████████| 318/318 [01:21<00:00,  4.26batch/s, loss=0.0456]
                                                                               
epoch 10/20: train_loss=0.0515 | val_loss=0.0683

2026-09-15 02:46:01 | INFO | epoch 10/20: train_loss=0.0515 | val_loss=0.0683 (không cải thiện, bỏ qua checkpoint)

train epoch 11: 100%|██████████| 2223/2223 [13:12<00:00,  3.04batch/s, loss=0.0161]
                                                                                   
val epoch 11: 100%|██████████| 318/318 [01:22<00:00,  4.22batch/s, loss=0.1757]
                                                                               
epoch 11/20: train_loss=0.0471 | val_loss=0.0958

2026-09-15 03:00:36 | INFO | epoch 11/20: train_loss=0.0471 | val_loss=0.0958 (không cải thiện, bỏ qua checkpoint)

train epoch 12: 100%|██████████| 2223/2223 [13:17<00:00,  3.05batch/s, loss=0.1253]
                                                                                   
val epoch 12: 100%|██████████| 318/318 [01:21<00:00,  4.47batch/s, loss=0.0395]
                                                                               
epoch 12/20: train_loss=0.0444 | val_loss=0.0647

2026-09-15 03:15:16 | INFO | epoch 12/20: train_loss=0.0444 | val_loss=0.0647 (checkpoint TỐT NHẤT đã lưu)

train epoch 13: 100%|██████████| 2223/2223 [13:31<00:00,  2.90batch/s, loss=0.0221]
                                                                                   
val epoch 13: 100%|██████████| 318/318 [01:21<00:00,  4.24batch/s, loss=0.0519]
                                                                               
epoch 13/20: train_loss=0.0392 | val_loss=0.0710

2026-09-15 03:30:10 | INFO | epoch 13/20: train_loss=0.0392 | val_loss=0.0710 (không cải thiện, bỏ qua checkpoint)

train epoch 14: 100%|██████████| 2223/2223 [13:31<00:00,  2.90batch/s, loss=0.0837]
                                                                                   
val epoch 14: 100%|██████████| 318/318 [01:22<00:00,  4.46batch/s, loss=0.0416]
                                                                               
epoch 14/20: train_loss=0.0362 | val_loss=0.0584

2026-09-15 03:45:04 | INFO | epoch 14/20: train_loss=0.0362 | val_loss=0.0584 (checkpoint TỐT NHẤT đã lưu)

train epoch 15: 100%|██████████| 2223/2223 [13:35<00:00,  2.59batch/s, loss=0.0319]
                                                                                   
val epoch 15: 100%|██████████| 318/318 [01:24<00:00,  4.12batch/s, loss=0.0587]
                                                                               
epoch 15/20: train_loss=0.0341 | val_loss=0.0596

2026-09-15 04:00:03 | INFO | epoch 15/20: train_loss=0.0341 | val_loss=0.0596 (không cải thiện, bỏ qua checkpoint)

train epoch 16: 100%|██████████| 2223/2223 [13:41<00:00,  2.99batch/s, loss=0.1110]
                                                                                   
val epoch 16: 100%|██████████| 318/318 [01:25<00:00,  4.12batch/s, loss=0.0128]
                                                                               
epoch 16/20: train_loss=0.0304 | val_loss=0.0594

2026-09-15 04:15:10 | INFO | epoch 16/20: train_loss=0.0304 | val_loss=0.0594 (không cải thiện, bỏ qua checkpoint)

train epoch 17: 100%|██████████| 2223/2223 [14:07<00:00,  2.81batch/s, loss=0.0153]
                                                                                   
val epoch 17: 100%|██████████| 318/318 [01:24<00:00,  4.28batch/s, loss=0.0571]
                                                                               
epoch 17/20: train_loss=0.0294 | val_loss=0.0611

2026-09-15 04:30:42 | INFO | epoch 17/20: train_loss=0.0294 | val_loss=0.0611 (không cải thiện, bỏ qua checkpoint)

train epoch 18: 100%|██████████| 2223/2223 [13:42<00:00,  2.87batch/s, loss=0.0357]
                                                                                   
val epoch 18: 100%|██████████| 318/318 [01:23<00:00,  4.37batch/s, loss=0.0201]
                                                                               
epoch 18/20: train_loss=0.0264 | val_loss=0.0640

2026-09-15 04:45:49 | INFO | epoch 18/20: train_loss=0.0264 | val_loss=0.0640 (không cải thiện, bỏ qua checkpoint)

train epoch 19: 100%|██████████| 2223/2223 [13:44<00:00,  3.00batch/s, loss=0.0005]
                                                                                   
val epoch 19: 100%|██████████| 318/318 [01:25<00:00,  4.23batch/s, loss=0.1466]
                                                                               
epoch 19/20: train_loss=0.0248 | val_loss=0.0716

2026-09-15 05:00:58 | INFO | epoch 19/20: train_loss=0.0248 | val_loss=0.0716 (không cải thiện, bỏ qua checkpoint)

train epoch 20: 100%|██████████| 2223/2223 [13:47<00:00,  2.97batch/s, loss=0.0521]
                                                                                   
val epoch 20: 100%|██████████| 318/318 [01:24<00:00,  4.16batch/s, loss=0.0673]
                                                                               
epoch 20/20: train_loss=0.0228 | val_loss=0.0617

2026-09-15 05:16:10 | INFO | epoch 20/20: train_loss=0.0228 | val_loss=0.0617 (không cải thiện, bỏ qua checkpoint)

2026-09-15 05:16:10 | INFO | hoàn tất huấn luyện 20 epoch, checkpoint: results\checkpoints\E01_baseline_seed456.pt

2026-09-15 05:16:10 | INFO | epoch cuối: train_loss=0.0228, val_loss=0.061724451640511754

2026-09-15 05:16:10 | INFO | checkpoint giữ epoch TỐT NHẤT: epoch 14 (val_loss=0.0584)

2026-09-15 05:19:01 | INFO | clean test: f1=0.9864, roc_auc=0.9979530995960205

2026-09-15 05:19:02 | INFO | kết quả đã lưu: results\raw\E01_baseline_seed456.json (runtime=18800.54s)

