2026-09-12 13:39:54 | INFO | ===== BẮT ĐẦU E01_baseline_seed789 (training_mode=clean) =====

2026-09-12 13:39:54 | INFO | seed=789

2026-09-12 13:39:54 | INFO | device=cuda

2026-09-12 13:39:54 | INFO | dataset root: C:\Users\LEGION\Desktop\New folder\ekyc-face-pad\data\raw\celeba_spoof_full

2026-09-12 13:40:07 | INFO | samples: total=203215, bona_fide=70288, spoof=132927, spoof_ratio=0.6541 (mục 15)

2026-09-12 13:40:10 | INFO | tạo splits mới (subject_disjoint) và lưu: data\splits\celeba_spoof_full_seed123_subject_disjoint.json

2026-09-12 13:40:10 | INFO | split train: 142250 mẫu

2026-09-12 13:40:10 | INFO | split val: 20322 mẫu

2026-09-12 13:40:10 | INFO | split test: 40643 mẫu

2026-09-12 13:40:10 | INFO | model=mobilenet_v2, params=2225153, size=8.62 MB

train epoch 1: 100%|██████████| 2223/2223 [16:16<00:00,  2.52batch/s, loss=0.0847]
                                                                                  
val epoch 1: 100%|██████████| 318/318 [01:44<00:00,  3.32batch/s, loss=0.3087]
                                                                              
epoch 1/20: train_loss=0.2714 | val_loss=0.1931

2026-09-12 13:58:14 | INFO | epoch 1/20: train_loss=0.2714 | val_loss=0.1931 (checkpoint TỐT NHẤT đã lưu)

train epoch 2: 100%|██████████| 2223/2223 [16:11<00:00,  2.56batch/s, loss=0.2186]
                                                                                  
val epoch 2: 100%|██████████| 318/318 [01:41<00:00,  3.48batch/s, loss=0.2771]
                                                                              
epoch 2/20: train_loss=0.1641 | val_loss=0.1322

2026-09-12 14:16:08 | INFO | epoch 2/20: train_loss=0.1641 | val_loss=0.1322 (checkpoint TỐT NHẤT đã lưu)

train epoch 3: 100%|██████████| 2223/2223 [16:03<00:00,  2.59batch/s, loss=0.0640]
                                                                                  
val epoch 3: 100%|██████████| 318/318 [01:41<00:00,  3.44batch/s, loss=0.1965]
                                                                              
epoch 3/20: train_loss=0.1270 | val_loss=0.1115

2026-09-12 14:33:53 | INFO | epoch 3/20: train_loss=0.1270 | val_loss=0.1115 (checkpoint TỐT NHẤT đã lưu)

train epoch 4: 100%|██████████| 2223/2223 [15:53<00:00,  2.76batch/s, loss=0.1503]
                                                                                  
val epoch 4: 100%|██████████| 318/318 [01:40<00:00,  3.58batch/s, loss=0.2106]
                                                                              
epoch 4/20: train_loss=0.1044 | val_loss=0.1232

2026-09-12 14:51:27 | INFO | epoch 4/20: train_loss=0.1044 | val_loss=0.1232 (không cải thiện, bỏ qua checkpoint)

train epoch 5: 100%|██████████| 2223/2223 [15:41<00:00,  2.56batch/s, loss=0.0260]
                                                                                  
val epoch 5: 100%|██████████| 318/318 [01:39<00:00,  3.72batch/s, loss=0.2647]
                                                                              
epoch 5/20: train_loss=0.0900 | val_loss=0.0910

2026-09-12 15:08:49 | INFO | epoch 5/20: train_loss=0.0900 | val_loss=0.0910 (checkpoint TỐT NHẤT đã lưu)

train epoch 6: 100%|██████████| 2223/2223 [15:54<00:00,  2.51batch/s, loss=0.1124]
                                                                                  
val epoch 6: 100%|██████████| 318/318 [01:40<00:00,  3.48batch/s, loss=0.1974]
                                                                              
epoch 6/20: train_loss=0.0789 | val_loss=0.0846

2026-09-12 15:26:24 | INFO | epoch 6/20: train_loss=0.0789 | val_loss=0.0846 (checkpoint TỐT NHẤT đã lưu)

train epoch 7: 100%|██████████| 2223/2223 [15:49<00:00,  2.55batch/s, loss=0.0875]
                                                                                  
val epoch 7: 100%|██████████| 318/318 [01:37<00:00,  3.69batch/s, loss=0.1791]
                                                                              
epoch 7/20: train_loss=0.0693 | val_loss=0.0780

2026-09-12 15:43:51 | INFO | epoch 7/20: train_loss=0.0693 | val_loss=0.0780 (checkpoint TỐT NHẤT đã lưu)

train epoch 8: 100%|██████████| 2223/2223 [15:43<00:00,  2.57batch/s, loss=0.1369]
                                                                                  
val epoch 8: 100%|██████████| 318/318 [01:38<00:00,  3.47batch/s, loss=0.0896]
                                                                              
epoch 8/20: train_loss=0.0630 | val_loss=0.0845

2026-09-12 16:01:13 | INFO | epoch 8/20: train_loss=0.0630 | val_loss=0.0845 (không cải thiện, bỏ qua checkpoint)

train epoch 9: 100%|██████████| 2223/2223 [15:46<00:00,  2.60batch/s, loss=0.1434]
                                                                                  
val epoch 9: 100%|██████████| 318/318 [01:40<00:00,  3.49batch/s, loss=0.0646]
                                                                              
epoch 9/20: train_loss=0.0562 | val_loss=0.0818

2026-09-12 16:18:40 | INFO | epoch 9/20: train_loss=0.0562 | val_loss=0.0818 (không cải thiện, bỏ qua checkpoint)

train epoch 10: 100%|██████████| 2223/2223 [15:37<00:00,  2.38batch/s, loss=0.0247]
                                                                                   
val epoch 10: 100%|██████████| 318/318 [01:39<00:00,  3.57batch/s, loss=0.1366]
                                                                               
epoch 10/20: train_loss=0.0506 | val_loss=0.0688

2026-09-12 16:35:57 | INFO | epoch 10/20: train_loss=0.0506 | val_loss=0.0688 (checkpoint TỐT NHẤT đã lưu)

train epoch 11: 100%|██████████| 2223/2223 [15:31<00:00,  2.58batch/s, loss=0.0542]
                                                                                   
val epoch 11: 100%|██████████| 318/318 [01:36<00:00,  3.51batch/s, loss=0.1221]
                                                                               
epoch 11/20: train_loss=0.0462 | val_loss=0.0743

2026-09-12 16:53:05 | INFO | epoch 11/20: train_loss=0.0462 | val_loss=0.0743 (không cải thiện, bỏ qua checkpoint)

train epoch 12: 100%|██████████| 2223/2223 [15:37<00:00,  2.72batch/s, loss=0.0468]
                                                                                   
val epoch 12: 100%|██████████| 318/318 [01:41<00:00,  3.44batch/s, loss=0.4318]
                                                                               
epoch 12/20: train_loss=0.0421 | val_loss=0.0816

2026-09-12 17:10:24 | INFO | epoch 12/20: train_loss=0.0421 | val_loss=0.0816 (không cải thiện, bỏ qua checkpoint)

train epoch 13: 100%|██████████| 2223/2223 [16:34<00:00,  2.08batch/s, loss=0.0648]
                                                                                   
val epoch 13: 100%|██████████| 318/318 [01:49<00:00,  3.46batch/s, loss=0.2057]
                                                                               
epoch 13/20: train_loss=0.0389 | val_loss=0.0737

2026-09-12 17:28:48 | INFO | epoch 13/20: train_loss=0.0389 | val_loss=0.0737 (không cải thiện, bỏ qua checkpoint)

train epoch 14: 100%|██████████| 2223/2223 [16:18<00:00,  2.70batch/s, loss=0.0166]
                                                                                   
val epoch 14: 100%|██████████| 318/318 [01:42<00:00,  3.45batch/s, loss=0.2204]
                                                                               
epoch 14/20: train_loss=0.0349 | val_loss=0.0781

2026-09-12 17:46:48 | INFO | epoch 14/20: train_loss=0.0349 | val_loss=0.0781 (không cải thiện, bỏ qua checkpoint)

train epoch 15: 100%|██████████| 2223/2223 [14:45<00:00,  2.74batch/s, loss=0.0161]
                                                                                   
val epoch 15: 100%|██████████| 318/318 [01:38<00:00,  3.73batch/s, loss=0.0833]
                                                                               
epoch 15/20: train_loss=0.0328 | val_loss=0.0669

2026-09-12 18:03:12 | INFO | epoch 15/20: train_loss=0.0328 | val_loss=0.0669 (checkpoint TỐT NHẤT đã lưu)

train epoch 16: 100%|██████████| 2223/2223 [15:54<00:00,  2.44batch/s, loss=0.0198]
                                                                                   
val epoch 16: 100%|██████████| 318/318 [01:42<00:00,  3.37batch/s, loss=0.1047]
                                                                               
epoch 16/20: train_loss=0.0310 | val_loss=0.0652

2026-09-12 18:20:49 | INFO | epoch 16/20: train_loss=0.0310 | val_loss=0.0652 (checkpoint TỐT NHẤT đã lưu)

train epoch 17: 100%|██████████| 2223/2223 [15:56<00:00,  2.53batch/s, loss=0.0134]
                                                                                   
val epoch 17: 100%|██████████| 318/318 [01:34<00:00,  4.39batch/s, loss=0.3826]
                                                                               
epoch 17/20: train_loss=0.0281 | val_loss=0.0674

2026-09-12 18:38:21 | INFO | epoch 17/20: train_loss=0.0281 | val_loss=0.0674 (không cải thiện, bỏ qua checkpoint)

train epoch 18: 100%|██████████| 2223/2223 [13:23<00:00,  3.03batch/s, loss=0.0019]
                                                                                   
val epoch 18: 100%|██████████| 318/318 [01:24<00:00,  4.19batch/s, loss=0.0851]
                                                                               
epoch 18/20: train_loss=0.0255 | val_loss=0.0551

2026-09-12 18:53:09 | INFO | epoch 18/20: train_loss=0.0255 | val_loss=0.0551 (checkpoint TỐT NHẤT đã lưu)

train epoch 19: 100%|██████████| 2223/2223 [13:46<00:00,  2.73batch/s, loss=0.0044]
                                                                                   
val epoch 19: 100%|██████████| 318/318 [01:25<00:00,  4.23batch/s, loss=0.0703]
                                                                               
epoch 19/20: train_loss=0.0252 | val_loss=0.0608

2026-09-12 19:08:20 | INFO | epoch 19/20: train_loss=0.0252 | val_loss=0.0608 (không cải thiện, bỏ qua checkpoint)

train epoch 20: 100%|██████████| 2223/2223 [14:04<00:00,  2.88batch/s, loss=0.0078]
                                                                                   
val epoch 20: 100%|██████████| 318/318 [01:28<00:00,  3.93batch/s, loss=0.0611]
                                                                               
epoch 20/20: train_loss=0.0234 | val_loss=0.0600

2026-09-12 19:23:53 | INFO | epoch 20/20: train_loss=0.0234 | val_loss=0.0600 (không cải thiện, bỏ qua checkpoint)

2026-09-12 19:23:53 | INFO | hoàn tất huấn luyện 20 epoch, checkpoint: results\checkpoints\E01_baseline_seed789.pt

2026-09-12 19:23:53 | INFO | epoch cuối: train_loss=0.0234, val_loss=0.0599692776456773

2026-09-12 19:23:53 | INFO | checkpoint giữ epoch TỐT NHẤT: epoch 18 (val_loss=0.0551)

2026-09-12 19:26:52 | INFO | clean test: f1=0.9866, roc_auc=0.9979251397220791

2026-09-12 19:26:53 | INFO | kết quả đã lưu: results\raw\E01_baseline_seed789.json (runtime=20818.02s)

