2026-09-19 01:06:12 | INFO | ===== BẮT ĐẦU E01_baseline_seed789 (training_mode=clean) =====
2026-09-19 01:06:12 | INFO | seed=789
2026-09-19 01:06:12 | INFO | device=cuda
2026-09-19 01:06:12 | INFO | dataset root: C:\Users\LEGION\Desktop\eKYC\ekyc-face-pad\data\raw\celeba_spoof_full
2026-09-19 01:06:35 | INFO | samples: total=203215, bona_fide=70288, spoof=132927, spoof_ratio=0.6541 (mục 15)
2026-09-19 01:06:35 | INFO | tái sử dụng splits: data\splits\celeba_spoof_full_seed123_subject_disjoint.json
2026-09-19 01:06:37 | INFO | split train: 203215 mẫu
2026-09-19 01:06:37 | INFO | split val: 20773 mẫu
2026-09-19 01:06:37 | INFO | split test: 20042 mẫu
2026-09-19 01:06:37 | INFO | model=mobilenet_v2, params=2225153, size=8.62 MB
2026-09-19 01:33:52 | INFO | epoch 1/20: train_loss=0.2373 | val_loss=0.1555 (checkpoint TỐT NHẤT đã lưu)
2026-09-19 01:57:29 | INFO | epoch 2/20: train_loss=0.1343 | val_loss=0.1121 (checkpoint TỐT NHẤT đã lưu)
2026-09-19 02:23:32 | INFO | epoch 3/20: train_loss=0.1029 | val_loss=0.0956 (checkpoint TỐT NHẤT đã lưu)
2026-09-19 02:51:21 | INFO | epoch 4/20: train_loss=0.0843 | val_loss=0.0804 (checkpoint TỐT NHẤT đã lưu)
2026-09-19 03:13:57 | INFO | epoch 5/20: train_loss=0.0719 | val_loss=0.0696 (checkpoint TỐT NHẤT đã lưu)
2026-09-19 03:36:26 | INFO | epoch 6/20: train_loss=0.0618 | val_loss=0.0634 (checkpoint TỐT NHẤT đã lưu)
2026-09-19 03:58:47 | INFO | epoch 7/20: train_loss=0.0548 | val_loss=0.0607 (checkpoint TỐT NHẤT đã lưu)
2026-09-19 04:21:08 | INFO | epoch 8/20: train_loss=0.0480 | val_loss=0.0592 (checkpoint TỐT NHẤT đã lưu)
2026-09-19 04:43:47 | INFO | epoch 9/20: train_loss=0.0445 | val_loss=0.0594 (không cải thiện, bỏ qua checkpoint)
2026-09-19 05:06:29 | INFO | epoch 10/20: train_loss=0.0389 | val_loss=0.0579 (checkpoint TỐT NHẤT đã lưu)
2026-09-19 05:29:10 | INFO | epoch 11/20: train_loss=0.0370 | val_loss=0.0519 (checkpoint TỐT NHẤT đã lưu)
2026-09-19 05:51:47 | INFO | epoch 12/20: train_loss=0.0323 | val_loss=0.0572 (không cải thiện, bỏ qua checkpoint)
2026-09-19 06:14:23 | INFO | epoch 13/20: train_loss=0.0298 | val_loss=0.0638 (không cải thiện, bỏ qua checkpoint)
2026-09-19 06:37:01 | INFO | epoch 14/20: train_loss=0.0280 | val_loss=0.0624 (không cải thiện, bỏ qua checkpoint)
2026-09-19 06:59:45 | INFO | epoch 15/20: train_loss=0.0259 | val_loss=0.0450 (checkpoint TỐT NHẤT đã lưu)
2026-09-19 07:22:41 | INFO | epoch 16/20: train_loss=0.0238 | val_loss=0.0402 (checkpoint TỐT NHẤT đã lưu)
2026-09-19 07:45:26 | INFO | epoch 17/20: train_loss=0.0217 | val_loss=0.0590 (không cải thiện, bỏ qua checkpoint)
2026-09-19 08:08:11 | INFO | epoch 18/20: train_loss=0.0206 | val_loss=0.0419 (không cải thiện, bỏ qua checkpoint)
2026-09-19 08:30:56 | INFO | epoch 19/20: train_loss=0.0189 | val_loss=0.0505 (không cải thiện, bỏ qua checkpoint)
2026-09-19 08:53:44 | INFO | epoch 20/20: train_loss=0.0180 | val_loss=0.0492 (không cải thiện, bỏ qua checkpoint)
2026-09-19 08:53:44 | INFO | hoàn tất huấn luyện 20 epoch, checkpoint: results\checkpoints\E01_baseline_seed789.pt
2026-09-19 08:53:44 | INFO | epoch cuối: train_loss=0.0180, val_loss=0.0492207615426514
2026-09-19 08:53:44 | INFO | checkpoint giữ epoch TỐT NHẤT: epoch 16 (val_loss=0.0402)
2026-09-19 08:55:11 | INFO | clean test: f1=0.8927, roc_auc=0.9687921327894315
2026-09-19 08:55:11 | INFO | kết quả đã lưu: results\raw\E01_baseline_seed789.json (runtime=28138.55s)
