2026-09-12 02:21:26 | INFO | ===== BẮT ĐẦU E01_baseline_seed456 (training_mode=clean) =====
2026-09-12 02:21:26 | INFO | seed=456
2026-09-12 02:21:26 | INFO | device=cuda
2026-09-12 02:21:26 | INFO | dataset root: C:\Users\Zander Truong\Documents\coding\ekyc-face-pad\data\raw\celeba_spoof_full
2026-09-12 02:21:36 | INFO | samples: total=203215, bona_fide=70288, spoof=132927, spoof_ratio=0.6541 (mục 15)
2026-09-12 02:21:37 | INFO | tái sử dụng splits: data\splits\celeba_spoof_full_seed123_subject_disjoint.json
2026-09-12 02:21:37 | INFO | split train: 203215 mẫu
2026-09-12 02:21:37 | INFO | split val: 20773 mẫu
2026-09-12 02:21:37 | INFO | split test: 20042 mẫu
2026-09-12 02:21:37 | INFO | model=mobilenet_v2, params=2225153, size=8.62 MB
2026-09-12 03:26:37 | INFO | epoch 1/20: train_loss=0.2453 | val_loss=0.2713 (checkpoint TỐT NHẤT đã lưu)
2026-09-12 04:30:43 | INFO | epoch 2/20: train_loss=0.1434 | val_loss=0.1318 (checkpoint TỐT NHẤT đã lưu)
2026-09-12 05:34:48 | INFO | epoch 3/20: train_loss=0.1051 | val_loss=0.1005 (checkpoint TỐT NHẤT đã lưu)
2026-09-12 06:38:56 | INFO | epoch 4/20: train_loss=0.0844 | val_loss=0.0948 (checkpoint TỐT NHẤT đã lưu)
2026-09-15 00:05:41 | INFO | ===== BẮT ĐẦU E01_baseline_seed456 (training_mode=clean) =====
2026-09-15 00:05:41 | INFO | seed=456
2026-09-15 00:05:41 | INFO | device=cuda
2026-09-15 00:05:41 | INFO | dataset root: C:\Users\LEGION\Desktop\New folder\ekyc-face-pad\data\raw\celeba_spoof_full
2026-09-15 00:05:50 | INFO | samples: total=203215, bona_fide=70288, spoof=132927, spoof_ratio=0.6541 (mục 15)
2026-09-15 00:05:51 | INFO | tái sử dụng splits: data\splits\celeba_spoof_full_seed123_subject_disjoint.json
2026-09-15 00:05:51 | INFO | split train: 142250 mẫu
2026-09-15 00:05:51 | INFO | split val: 20322 mẫu
2026-09-15 00:05:51 | INFO | split test: 40643 mẫu
2026-09-15 00:05:51 | INFO | model=mobilenet_v2, params=2225153, size=8.62 MB
2026-09-15 00:21:50 | INFO | epoch 1/20: train_loss=0.2723 | val_loss=0.1895 (checkpoint TỐT NHẤT đã lưu)
2026-09-15 00:39:20 | INFO | epoch 2/20: train_loss=0.1698 | val_loss=0.1402 (checkpoint TỐT NHẤT đã lưu)
2026-09-15 00:56:45 | INFO | epoch 3/20: train_loss=0.1277 | val_loss=0.1186 (checkpoint TỐT NHẤT đã lưu)
2026-09-15 01:14:17 | INFO | epoch 4/20: train_loss=0.1066 | val_loss=0.1069 (checkpoint TỐT NHẤT đã lưu)
2026-09-15 01:31:56 | INFO | epoch 5/20: train_loss=0.0914 | val_loss=0.1288 (không cải thiện, bỏ qua checkpoint)
2026-09-15 01:48:56 | INFO | epoch 6/20: train_loss=0.0800 | val_loss=0.0760 (checkpoint TỐT NHẤT đã lưu)
2026-09-15 02:03:29 | INFO | epoch 7/20: train_loss=0.0716 | val_loss=0.0754 (checkpoint TỐT NHẤT đã lưu)
2026-09-15 02:17:22 | INFO | epoch 8/20: train_loss=0.0654 | val_loss=0.0870 (không cải thiện, bỏ qua checkpoint)
2026-09-15 02:31:28 | INFO | epoch 9/20: train_loss=0.0575 | val_loss=0.0660 (checkpoint TỐT NHẤT đã lưu)
2026-09-15 02:46:01 | INFO | epoch 10/20: train_loss=0.0515 | val_loss=0.0683 (không cải thiện, bỏ qua checkpoint)
2026-09-15 03:00:36 | INFO | epoch 11/20: train_loss=0.0471 | val_loss=0.0958 (không cải thiện, bỏ qua checkpoint)
2026-09-15 03:15:16 | INFO | epoch 12/20: train_loss=0.0444 | val_loss=0.0647 (checkpoint TỐT NHẤT đã lưu)
2026-09-15 03:30:10 | INFO | epoch 13/20: train_loss=0.0392 | val_loss=0.0710 (không cải thiện, bỏ qua checkpoint)
2026-09-15 03:45:04 | INFO | epoch 14/20: train_loss=0.0362 | val_loss=0.0584 (checkpoint TỐT NHẤT đã lưu)
2026-09-15 04:00:03 | INFO | epoch 15/20: train_loss=0.0341 | val_loss=0.0596 (không cải thiện, bỏ qua checkpoint)
2026-09-15 04:15:10 | INFO | epoch 16/20: train_loss=0.0304 | val_loss=0.0594 (không cải thiện, bỏ qua checkpoint)
2026-09-15 04:30:42 | INFO | epoch 17/20: train_loss=0.0294 | val_loss=0.0611 (không cải thiện, bỏ qua checkpoint)
2026-09-15 04:45:49 | INFO | epoch 18/20: train_loss=0.0264 | val_loss=0.0640 (không cải thiện, bỏ qua checkpoint)
2026-09-15 05:00:58 | INFO | epoch 19/20: train_loss=0.0248 | val_loss=0.0716 (không cải thiện, bỏ qua checkpoint)
2026-09-15 05:16:10 | INFO | epoch 20/20: train_loss=0.0228 | val_loss=0.0617 (không cải thiện, bỏ qua checkpoint)
2026-09-15 05:16:10 | INFO | hoàn tất huấn luyện 20 epoch, checkpoint: results\checkpoints\E01_baseline_seed456.pt
2026-09-15 05:16:10 | INFO | epoch cuối: train_loss=0.0228, val_loss=0.061724451640511754
2026-09-15 05:16:10 | INFO | checkpoint giữ epoch TỐT NHẤT: epoch 14 (val_loss=0.0584)
2026-09-15 05:19:01 | INFO | clean test: f1=0.9864, roc_auc=0.9979530995960205
2026-09-15 05:19:02 | INFO | kết quả đã lưu: results\raw\E01_baseline_seed456.json (runtime=18800.54s)
