2026-09-12 14:15:38 | INFO | ===== BẮT ĐẦU E01_baseline_seed202 (training_mode=clean) =====
2026-09-12 14:15:38 | INFO | seed=202
2026-09-12 14:15:38 | INFO | device=cuda
2026-09-12 14:15:38 | INFO | dataset root: C:\Users\Zander Truong\Documents\coding\ekyc-face-pad\data\raw\celeba_spoof_full
2026-09-12 14:15:46 | INFO | samples: total=203215, bona_fide=70288, spoof=132927, spoof_ratio=0.6541 (mục 15)
2026-09-12 14:15:47 | INFO | tái sử dụng splits: data\splits\celeba_spoof_full_seed123_subject_disjoint.json
2026-09-12 14:15:47 | INFO | split train: 203215 mẫu
2026-09-12 14:15:47 | INFO | split val: 20773 mẫu
2026-09-12 14:15:47 | INFO | split test: 20042 mẫu
2026-09-12 14:15:47 | INFO | model=mobilenet_v2, params=2225153, size=8.62 MB
2026-09-12 15:19:15 | INFO | epoch 1/20: train_loss=0.2552 | val_loss=0.1678 (checkpoint TỐT NHẤT đã lưu)
2026-09-12 16:22:04 | INFO | epoch 2/20: train_loss=0.1477 | val_loss=0.1166 (checkpoint TỐT NHẤT đã lưu)
2026-09-12 17:24:51 | INFO | epoch 3/20: train_loss=0.1107 | val_loss=0.0994 (checkpoint TỐT NHẤT đã lưu)
2026-09-12 18:41:17 | INFO | epoch 4/20: train_loss=0.0892 | val_loss=0.0830 (checkpoint TỐT NHẤT đã lưu)
2026-09-12 20:02:30 | INFO | epoch 5/20: train_loss=0.0757 | val_loss=0.0906 (không cải thiện, bỏ qua checkpoint)
2026-09-12 21:21:12 | INFO | epoch 6/20: train_loss=0.0654 | val_loss=0.0705 (checkpoint TỐT NHẤT đã lưu)
2026-09-12 22:38:04 | INFO | epoch 7/20: train_loss=0.0568 | val_loss=0.0637 (checkpoint TỐT NHẤT đã lưu)
2026-09-12 23:50:14 | INFO | epoch 8/20: train_loss=0.0500 | val_loss=0.0617 (checkpoint TỐT NHẤT đã lưu)
2026-09-13 01:01:45 | INFO | epoch 9/20: train_loss=0.0451 | val_loss=0.0504 (checkpoint TỐT NHẤT đã lưu)
2026-09-13 02:13:53 | INFO | epoch 10/20: train_loss=0.0397 | val_loss=0.0532 (không cải thiện, bỏ qua checkpoint)
2026-09-13 03:25:39 | INFO | epoch 11/20: train_loss=0.0359 | val_loss=0.0501 (checkpoint TỐT NHẤT đã lưu)
2026-09-13 04:37:37 | INFO | epoch 12/20: train_loss=0.0320 | val_loss=0.0452 (checkpoint TỐT NHẤT đã lưu)
2026-09-13 05:49:18 | INFO | epoch 13/20: train_loss=0.0303 | val_loss=0.0514 (không cải thiện, bỏ qua checkpoint)
2026-09-13 07:00:51 | INFO | epoch 14/20: train_loss=0.0270 | val_loss=0.0598 (không cải thiện, bỏ qua checkpoint)
2026-09-13 08:12:58 | INFO | epoch 15/20: train_loss=0.0258 | val_loss=0.0447 (checkpoint TỐT NHẤT đã lưu)
2026-09-13 09:30:50 | INFO | epoch 16/20: train_loss=0.0232 | val_loss=0.0427 (checkpoint TỐT NHẤT đã lưu)
2026-09-13 10:44:01 | INFO | epoch 17/20: train_loss=0.0205 | val_loss=0.0424 (checkpoint TỐT NHẤT đã lưu)
2026-09-13 11:56:10 | INFO | epoch 18/20: train_loss=0.0202 | val_loss=0.0432 (không cải thiện, bỏ qua checkpoint)
2026-09-13 13:10:11 | INFO | epoch 19/20: train_loss=0.0179 | val_loss=0.0425 (không cải thiện, bỏ qua checkpoint)
2026-09-13 14:33:33 | INFO | epoch 20/20: train_loss=0.0179 | val_loss=0.0446 (không cải thiện, bỏ qua checkpoint)
2026-09-13 14:33:33 | INFO | hoàn tất huấn luyện 20 epoch, checkpoint: results\checkpoints\E01_baseline_seed202.pt
2026-09-13 14:33:33 | INFO | epoch cuối: train_loss=0.0179, val_loss=0.04464806720696209
2026-09-13 14:33:33 | INFO | checkpoint giữ epoch TỐT NHẤT: epoch 17 (val_loss=0.0424)
2026-09-13 14:35:36 | INFO | clean test: f1=0.8631, roc_auc=0.9634003427424225
2026-09-13 14:35:37 | INFO | kết quả đã lưu: results\raw\E01_baseline_seed202.json (runtime=87597.93s)
