2026-09-09 20:09:02 | INFO | ===== BẮT ĐẦU E02_jpeg70_seed123 (degradation evaluation) =====
2026-09-09 20:09:02 | INFO | checkpoint: C:\Users\Zander Truong\AppData\Local\Temp\pytest-of-Zander Truong\pytest-26\test_run_all_end_to_end_order0\checkpoints\E01_baseline_seed123.pt
2026-09-09 20:09:02 | INFO | degradation: {'name': 'jpeg', 'quality': 70}
2026-09-09 20:09:02 | INFO | degraded test: f1=1.0000, roc_auc=1.0
2026-09-09 20:09:02 | INFO | kết quả đã lưu: C:\Users\Zander Truong\AppData\Local\Temp\pytest-of-Zander Truong\pytest-26\test_run_all_end_to_end_order0\results\E02_jpeg70_seed123.json
2026-09-09 20:17:55 | INFO | ===== BẮT ĐẦU E02_jpeg70_seed123 (degradation evaluation) =====
2026-09-09 20:17:55 | INFO | checkpoint: C:\Users\Zander Truong\AppData\Local\Temp\pytest-of-Zander Truong\pytest-27\test_run_all_end_to_end_order0\checkpoints\E01_baseline_seed123.pt
2026-09-09 20:17:55 | INFO | degradation: {'name': 'jpeg', 'quality': 70}
2026-09-09 20:17:55 | INFO | degraded test: f1=1.0000, roc_auc=1.0
2026-09-09 20:17:55 | INFO | kết quả đã lưu: C:\Users\Zander Truong\AppData\Local\Temp\pytest-of-Zander Truong\pytest-27\test_run_all_end_to_end_order0\results\E02_jpeg70_seed123.json
2026-09-09 22:57:26 | INFO | ===== BẮT ĐẦU E02_jpeg70_seed123 (degradation evaluation) =====
2026-09-09 22:57:26 | INFO | checkpoint: C:\Users\Zander Truong\AppData\Local\Temp\pytest-of-Zander Truong\pytest-28\test_run_all_end_to_end_order0\checkpoints\E01_baseline_seed123.pt
2026-09-09 22:57:26 | INFO | degradation: {'name': 'jpeg', 'quality': 70}
2026-09-09 22:57:26 | INFO | degraded test: f1=1.0000, roc_auc=1.0
2026-09-09 22:57:26 | INFO | kết quả đã lưu: C:\Users\Zander Truong\AppData\Local\Temp\pytest-of-Zander Truong\pytest-28\test_run_all_end_to_end_order0\results\E02_jpeg70_seed123.json
2026-09-12 01:27:44 | INFO | ===== BẮT ĐẦU E02_jpeg70_seed123 (degradation evaluation) =====
2026-09-12 01:27:44 | INFO | checkpoint: results\checkpoints\E01_baseline_seed123.pt
2026-09-12 01:27:44 | INFO | degradation: {'name': 'jpeg', 'quality': 70}
2026-09-12 01:29:02 | INFO | degraded test: f1=0.7633, roc_auc=0.9623991630888717
2026-09-12 01:29:02 | INFO | kết quả đã lưu: results\raw\E02_jpeg70_seed123.json
