2026-09-18 10:04:47 | INFO | ===== BẮT ĐẦU E07_robust_seed456 (training_mode=robust) =====
2026-09-18 10:04:47 | INFO | seed=456
2026-09-18 10:04:47 | INFO | device=cuda
2026-09-18 10:04:47 | INFO | dataset root: C:\Users\LEGION\Desktop\eKYC\ekyc-face-pad\data\raw\celeba_spoof_full
2026-09-18 10:04:56 | INFO | samples: total=203215, bona_fide=70288, spoof=132927, spoof_ratio=0.6541 (mục 15)
2026-09-18 10:04:56 | INFO | tái sử dụng splits: data\splits\celeba_spoof_full_seed123_subject_disjoint.json
2026-09-18 10:04:57 | INFO | split train: 203215 mẫu
2026-09-18 10:04:57 | INFO | split val: 20773 mẫu
2026-09-18 10:04:57 | INFO | split test: 20042 mẫu
2026-09-18 10:04:57 | INFO | model=mobilenet_v2, params=2225153, size=8.62 MB
2026-09-18 10:44:47 | INFO | epoch 1/20: train_loss=0.2924 | val_loss=0.1815 (checkpoint TỐT NHẤT đã lưu)
2026-09-18 11:24:14 | INFO | epoch 2/20: train_loss=0.1982 | val_loss=0.1528 (checkpoint TỐT NHẤT đã lưu)
2026-09-18 12:12:06 | INFO | epoch 3/20: train_loss=0.1619 | val_loss=0.1355 (checkpoint TỐT NHẤT đã lưu)
2026-09-18 12:54:22 | INFO | epoch 4/20: train_loss=0.1410 | val_loss=0.1936 (không cải thiện, bỏ qua checkpoint)
2026-09-18 13:33:27 | INFO | epoch 5/20: train_loss=0.1259 | val_loss=0.0980 (checkpoint TỐT NHẤT đã lưu)
2026-09-18 14:12:11 | INFO | epoch 6/20: train_loss=0.1164 | val_loss=0.0856 (checkpoint TỐT NHẤT đã lưu)
2026-09-18 14:51:21 | INFO | epoch 7/20: train_loss=0.1058 | val_loss=0.0927 (không cải thiện, bỏ qua checkpoint)
2026-09-18 15:29:55 | INFO | epoch 8/20: train_loss=0.0974 | val_loss=0.0749 (checkpoint TỐT NHẤT đã lưu)
2026-09-18 16:08:55 | INFO | epoch 9/20: train_loss=0.0917 | val_loss=0.0736 (checkpoint TỐT NHẤT đã lưu)
2026-09-18 16:47:44 | INFO | epoch 10/20: train_loss=0.0861 | val_loss=0.0644 (checkpoint TỐT NHẤT đã lưu)
2026-09-18 17:26:27 | INFO | epoch 11/20: train_loss=0.0803 | val_loss=0.0616 (checkpoint TỐT NHẤT đã lưu)
2026-09-18 18:05:47 | INFO | epoch 12/20: train_loss=0.0764 | val_loss=0.0638 (không cải thiện, bỏ qua checkpoint)
2026-09-18 18:51:57 | INFO | epoch 13/20: train_loss=0.0708 | val_loss=0.0616 (không cải thiện, bỏ qua checkpoint)
2026-09-18 19:30:54 | INFO | epoch 14/20: train_loss=0.0677 | val_loss=0.0585 (checkpoint TỐT NHẤT đã lưu)
2026-09-18 20:10:12 | INFO | epoch 15/20: train_loss=0.0650 | val_loss=0.0628 (không cải thiện, bỏ qua checkpoint)
2026-09-18 20:48:38 | INFO | epoch 16/20: train_loss=0.0606 | val_loss=0.0664 (không cải thiện, bỏ qua checkpoint)
2026-09-18 21:32:43 | INFO | epoch 17/20: train_loss=0.0573 | val_loss=0.0594 (không cải thiện, bỏ qua checkpoint)
2026-09-18 22:17:14 | INFO | epoch 18/20: train_loss=0.0544 | val_loss=0.0487 (checkpoint TỐT NHẤT đã lưu)
2026-09-18 22:57:57 | INFO | epoch 19/20: train_loss=0.0518 | val_loss=0.0526 (không cải thiện, bỏ qua checkpoint)
2026-09-18 23:39:44 | INFO | epoch 20/20: train_loss=0.0508 | val_loss=0.0545 (không cải thiện, bỏ qua checkpoint)
2026-09-18 23:39:44 | INFO | hoàn tất huấn luyện 20 epoch, checkpoint: results\checkpoints\E07_robust_seed456.pt
2026-09-18 23:39:44 | INFO | epoch cuối: train_loss=0.0508, val_loss=0.054510700232383635
2026-09-18 23:39:44 | INFO | checkpoint giữ epoch TỐT NHẤT: epoch 18 (val_loss=0.0487)
2026-09-18 23:41:06 | INFO | clean test: f1=0.8674, roc_auc=0.9525525214132347
2026-09-18 23:41:06 | INFO | kết quả đã lưu: results\raw\E07_robust_seed456.json (runtime=48978.49s)
