2026-09-19 08:55:21 | INFO | ===== BẮT ĐẦU E07_robust_seed789 (training_mode=robust) =====
2026-09-19 08:55:21 | INFO | seed=789
2026-09-19 08:55:21 | INFO | device=cuda
2026-09-19 08:55:21 | INFO | dataset root: C:\Users\LEGION\Desktop\eKYC\ekyc-face-pad\data\raw\celeba_spoof_full
2026-09-19 08:55:29 | INFO | samples: total=203215, bona_fide=70288, spoof=132927, spoof_ratio=0.6541 (mục 15)
2026-09-19 08:55:29 | INFO | tái sử dụng splits: data\splits\celeba_spoof_full_seed123_subject_disjoint.json
2026-09-19 08:55:31 | INFO | split train: 203215 mẫu
2026-09-19 08:55:31 | INFO | split val: 20773 mẫu
2026-09-19 08:55:31 | INFO | split test: 20042 mẫu
2026-09-19 08:55:31 | INFO | model=mobilenet_v2, params=2225153, size=8.62 MB
2026-09-19 09:35:40 | INFO | epoch 1/20: train_loss=0.2919 | val_loss=0.1697 (checkpoint TỐT NHẤT đã lưu)
2026-09-19 10:15:42 | INFO | epoch 2/20: train_loss=0.1904 | val_loss=0.1284 (checkpoint TỐT NHẤT đã lưu)
2026-09-19 10:55:40 | INFO | epoch 3/20: train_loss=0.1575 | val_loss=0.1168 (checkpoint TỐT NHẤT đã lưu)
2026-09-19 11:36:09 | INFO | epoch 4/20: train_loss=0.1378 | val_loss=0.1020 (checkpoint TỐT NHẤT đã lưu)
2026-09-19 12:16:32 | INFO | epoch 5/20: train_loss=0.1241 | val_loss=0.0891 (checkpoint TỐT NHẤT đã lưu)
2026-09-19 12:56:38 | INFO | epoch 6/20: train_loss=0.1127 | val_loss=0.0826 (checkpoint TỐT NHẤT đã lưu)
2026-09-19 13:36:23 | INFO | epoch 7/20: train_loss=0.1030 | val_loss=0.0916 (không cải thiện, bỏ qua checkpoint)
2026-09-19 14:15:55 | INFO | epoch 8/20: train_loss=0.0959 | val_loss=0.0789 (checkpoint TỐT NHẤT đã lưu)
2026-09-19 14:55:47 | INFO | epoch 9/20: train_loss=0.0912 | val_loss=0.0671 (checkpoint TỐT NHẤT đã lưu)
2026-09-19 15:35:38 | INFO | epoch 10/20: train_loss=0.0837 | val_loss=0.0658 (checkpoint TỐT NHẤT đã lưu)
2026-09-19 16:15:26 | INFO | epoch 11/20: train_loss=0.0812 | val_loss=0.0618 (checkpoint TỐT NHẤT đã lưu)
2026-09-19 16:55:16 | INFO | epoch 12/20: train_loss=0.0744 | val_loss=0.0686 (không cải thiện, bỏ qua checkpoint)
2026-09-19 17:34:54 | INFO | epoch 13/20: train_loss=0.0701 | val_loss=0.0574 (checkpoint TỐT NHẤT đã lưu)
2026-09-19 18:14:59 | INFO | epoch 14/20: train_loss=0.0671 | val_loss=0.0605 (không cải thiện, bỏ qua checkpoint)
2026-09-19 19:06:43 | INFO | epoch 15/20: train_loss=0.0636 | val_loss=0.0618 (không cải thiện, bỏ qua checkpoint)
2026-09-19 19:55:22 | INFO | epoch 16/20: train_loss=0.0605 | val_loss=0.0590 (không cải thiện, bỏ qua checkpoint)
2026-09-19 20:36:16 | INFO | epoch 17/20: train_loss=0.0585 | val_loss=0.0585 (không cải thiện, bỏ qua checkpoint)
2026-09-19 21:16:43 | INFO | epoch 18/20: train_loss=0.0556 | val_loss=0.0564 (checkpoint TỐT NHẤT đã lưu)
2026-09-19 21:57:17 | INFO | epoch 19/20: train_loss=0.0537 | val_loss=0.0674 (không cải thiện, bỏ qua checkpoint)
2026-09-19 22:45:53 | INFO | epoch 20/20: train_loss=0.0511 | val_loss=0.0553 (checkpoint TỐT NHẤT đã lưu)
2026-09-19 22:45:53 | INFO | hoàn tất huấn luyện 20 epoch, checkpoint: results\checkpoints\E07_robust_seed789.pt
2026-09-19 22:45:53 | INFO | epoch cuối: train_loss=0.0511, val_loss=0.055318972020078815
2026-09-19 22:45:53 | INFO | checkpoint giữ epoch TỐT NHẤT: epoch 20 (val_loss=0.0553)
2026-09-19 22:47:38 | INFO | clean test: f1=0.9041, roc_auc=0.9639887103085036
2026-09-19 22:47:39 | INFO | kết quả đã lưu: results\raw\E07_robust_seed789.json (runtime=49936.22s)
