2026-09-13 14:35:57 | INFO | ===== BẮT ĐẦU E07_robust_seed202 (training_mode=robust) =====
2026-09-13 14:35:57 | INFO | seed=202
2026-09-13 14:35:57 | INFO | device=cuda
2026-09-13 14:35:57 | INFO | dataset root: C:\Users\Zander Truong\Documents\coding\ekyc-face-pad\data\raw\celeba_spoof_full
2026-09-13 14:36:03 | INFO | samples: total=203215, bona_fide=70288, spoof=132927, spoof_ratio=0.6541 (mục 15)
2026-09-13 14:36:05 | INFO | tái sử dụng splits: data\splits\celeba_spoof_full_seed123_subject_disjoint.json
2026-09-13 14:36:05 | INFO | split train: 203215 mẫu
2026-09-13 14:36:05 | INFO | split val: 20773 mẫu
2026-09-13 14:36:05 | INFO | split test: 20042 mẫu
2026-09-13 14:36:05 | INFO | model=mobilenet_v2, params=2225153, size=8.62 MB
2026-09-13 16:04:23 | INFO | epoch 1/20: train_loss=0.3075 | val_loss=0.1870 (checkpoint TỐT NHẤT đã lưu)
2026-09-13 17:28:56 | INFO | epoch 2/20: train_loss=0.2027 | val_loss=0.1421 (checkpoint TỐT NHẤT đã lưu)
2026-09-13 18:53:23 | INFO | epoch 3/20: train_loss=0.1668 | val_loss=0.1318 (checkpoint TỐT NHẤT đã lưu)
2026-09-13 20:27:23 | INFO | epoch 4/20: train_loss=0.1448 | val_loss=0.1056 (checkpoint TỐT NHẤT đã lưu)
2026-09-13 22:07:00 | INFO | epoch 5/20: train_loss=0.1296 | val_loss=0.1852 (không cải thiện, bỏ qua checkpoint)
2026-09-13 23:32:17 | INFO | epoch 6/20: train_loss=0.1165 | val_loss=0.0847 (checkpoint TỐT NHẤT đã lưu)
2026-09-14 00:55:02 | INFO | epoch 7/20: train_loss=0.1066 | val_loss=0.0941 (không cải thiện, bỏ qua checkpoint)
2026-09-14 02:17:46 | INFO | epoch 8/20: train_loss=0.0982 | val_loss=0.0810 (checkpoint TỐT NHẤT đã lưu)
2026-09-14 03:40:43 | INFO | epoch 9/20: train_loss=0.0916 | val_loss=0.0677 (checkpoint TỐT NHẤT đã lưu)
2026-09-14 05:03:42 | INFO | epoch 10/20: train_loss=0.0852 | val_loss=0.0763 (không cải thiện, bỏ qua checkpoint)
2026-09-14 06:26:31 | INFO | epoch 11/20: train_loss=0.0800 | val_loss=0.0670 (checkpoint TỐT NHẤT đã lưu)
2026-09-14 07:49:35 | INFO | epoch 12/20: train_loss=0.0751 | val_loss=0.1195 (không cải thiện, bỏ qua checkpoint)
2026-09-14 09:12:31 | INFO | epoch 13/20: train_loss=0.0717 | val_loss=0.0639 (checkpoint TỐT NHẤT đã lưu)
2026-09-14 10:35:11 | INFO | epoch 14/20: train_loss=0.0677 | val_loss=0.0642 (không cải thiện, bỏ qua checkpoint)
2026-09-14 11:57:34 | INFO | epoch 15/20: train_loss=0.0642 | val_loss=0.0620 (checkpoint TỐT NHẤT đã lưu)
2026-09-14 13:20:22 | INFO | epoch 16/20: train_loss=0.0607 | val_loss=0.0667 (không cải thiện, bỏ qua checkpoint)
2026-09-14 14:42:58 | INFO | epoch 17/20: train_loss=0.0579 | val_loss=0.0639 (không cải thiện, bỏ qua checkpoint)
2026-09-14 16:05:34 | INFO | epoch 18/20: train_loss=0.0555 | val_loss=0.0655 (không cải thiện, bỏ qua checkpoint)
2026-09-14 17:28:29 | INFO | epoch 19/20: train_loss=0.0526 | val_loss=0.0523 (checkpoint TỐT NHẤT đã lưu)
2026-09-14 18:55:04 | INFO | epoch 20/20: train_loss=0.0495 | val_loss=0.0579 (không cải thiện, bỏ qua checkpoint)
2026-09-14 18:55:04 | INFO | hoàn tất huấn luyện 20 epoch, checkpoint: results\checkpoints\E07_robust_seed202.pt
2026-09-14 18:55:04 | INFO | epoch cuối: train_loss=0.0495, val_loss=0.05791748447551465
2026-09-14 18:55:04 | INFO | checkpoint giữ epoch TỐT NHẤT: epoch 19 (val_loss=0.0523)
2026-09-14 18:56:50 | INFO | clean test: f1=0.8830, roc_auc=0.9509812353261651
2026-09-14 18:56:51 | INFO | kết quả đã lưu: results\raw\E07_robust_seed202.json (runtime=102053.73s)
