2026-09-17 20:40:39 | INFO | ===== BẮT ĐẦU E07_robust_seed101 (training_mode=robust) =====
2026-09-17 20:40:39 | INFO | seed=101
2026-09-17 20:40:39 | INFO | device=cuda
2026-09-17 20:40:39 | INFO | dataset root: C:\Users\Zander Truong\Documents\coding\ekyc-face-pad\data\raw\celeba_spoof_full
2026-09-17 20:40:53 | INFO | samples: total=203215, bona_fide=70288, spoof=132927, spoof_ratio=0.6541 (mục 15)
2026-09-17 20:40:53 | INFO | tái sử dụng splits: data\splits\celeba_spoof_full_seed123_subject_disjoint.json
2026-09-17 20:40:54 | INFO | split train: 203215 mẫu
2026-09-17 20:40:54 | INFO | split val: 20773 mẫu
2026-09-17 20:40:54 | INFO | split test: 20042 mẫu
2026-09-17 20:40:54 | INFO | model=mobilenet_v2, params=2225153, size=8.62 MB
2026-09-17 22:09:36 | INFO | epoch 1/20: train_loss=0.2970 | val_loss=0.1885 (checkpoint TỐT NHẤT đã lưu)
2026-09-17 23:46:16 | INFO | epoch 2/20: train_loss=0.2013 | val_loss=0.1455 (checkpoint TỐT NHẤT đã lưu)
2026-09-18 01:21:43 | INFO | epoch 3/20: train_loss=0.1661 | val_loss=0.1240 (checkpoint TỐT NHẤT đã lưu)
2026-09-18 02:44:07 | INFO | epoch 4/20: train_loss=0.1445 | val_loss=0.1026 (checkpoint TỐT NHẤT đã lưu)
2026-09-18 04:06:19 | INFO | epoch 5/20: train_loss=0.1290 | val_loss=0.1143 (không cải thiện, bỏ qua checkpoint)
2026-09-18 05:28:30 | INFO | epoch 6/20: train_loss=0.1176 | val_loss=0.0888 (checkpoint TỐT NHẤT đã lưu)
2026-09-18 06:50:41 | INFO | epoch 7/20: train_loss=0.1087 | val_loss=0.0819 (checkpoint TỐT NHẤT đã lưu)
2026-09-18 08:12:58 | INFO | epoch 8/20: train_loss=0.0998 | val_loss=0.0774 (checkpoint TỐT NHẤT đã lưu)
2026-09-18 09:35:24 | INFO | epoch 9/20: train_loss=0.0914 | val_loss=0.0737 (checkpoint TỐT NHẤT đã lưu)
2026-09-18 10:57:23 | INFO | epoch 10/20: train_loss=0.0875 | val_loss=0.0723 (checkpoint TỐT NHẤT đã lưu)
2026-09-18 12:19:24 | INFO | epoch 11/20: train_loss=0.0826 | val_loss=0.0693 (checkpoint TỐT NHẤT đã lưu)
2026-09-18 13:41:28 | INFO | epoch 12/20: train_loss=0.0774 | val_loss=0.0684 (checkpoint TỐT NHẤT đã lưu)
2026-09-18 15:03:35 | INFO | epoch 13/20: train_loss=0.0725 | val_loss=0.0610 (checkpoint TỐT NHẤT đã lưu)
2026-09-18 16:25:26 | INFO | epoch 14/20: train_loss=0.0696 | val_loss=0.0775 (không cải thiện, bỏ qua checkpoint)
2026-09-18 17:47:27 | INFO | epoch 15/20: train_loss=0.0661 | val_loss=0.0554 (checkpoint TỐT NHẤT đã lưu)
2026-09-18 19:09:33 | INFO | epoch 16/20: train_loss=0.0627 | val_loss=0.0684 (không cải thiện, bỏ qua checkpoint)
2026-09-18 20:31:43 | INFO | epoch 17/20: train_loss=0.0601 | val_loss=0.0575 (không cải thiện, bỏ qua checkpoint)
2026-09-18 22:00:44 | INFO | epoch 18/20: train_loss=0.0576 | val_loss=0.0619 (không cải thiện, bỏ qua checkpoint)
2026-09-18 23:31:35 | INFO | epoch 19/20: train_loss=0.0547 | val_loss=0.0632 (không cải thiện, bỏ qua checkpoint)
2026-09-19 00:55:49 | INFO | epoch 20/20: train_loss=0.0520 | val_loss=0.0732 (không cải thiện, bỏ qua checkpoint)
2026-09-19 00:55:49 | INFO | hoàn tất huấn luyện 20 epoch, checkpoint: results\checkpoints\E07_robust_seed101.pt
2026-09-19 00:55:49 | INFO | epoch cuối: train_loss=0.0520, val_loss=0.07320220555475483
2026-09-19 00:55:49 | INFO | checkpoint giữ epoch TỐT NHẤT: epoch 15 (val_loss=0.0554)
2026-09-19 00:57:27 | INFO | clean test: f1=0.8289, roc_auc=0.9463680084557751
2026-09-19 00:57:27 | INFO | kết quả đã lưu: results\raw\E07_robust_seed101.json (runtime=101807.68s)
