2026-09-09 20:09:06 | INFO | ===== BẮT ĐẦU noise0.03_seed123 (degradation evaluation) =====
2026-09-09 20:09:06 | INFO | checkpoint: C:\Users\Zander Truong\AppData\Local\Temp\pytest-of-Zander Truong\pytest-26\test_eval_degradation_noise_us0\checkpoints\E01_test.pt
2026-09-09 20:09:06 | INFO | degradation: {'name': 'noise', 'std': 0.03}
2026-09-09 20:09:06 | INFO | degraded test: f1=1.0000, roc_auc=1.0
2026-09-09 20:09:06 | INFO | kết quả đã lưu: C:\Users\Zander Truong\AppData\Local\Temp\pytest-of-Zander Truong\pytest-26\test_eval_degradation_noise_us0\results_noise\noise0.03_seed123.json
2026-09-09 20:09:06 | INFO | ===== BẮT ĐẦU noise0.03_seed123 (degradation evaluation) =====
2026-09-09 20:09:06 | INFO | checkpoint: C:\Users\Zander Truong\AppData\Local\Temp\pytest-of-Zander Truong\pytest-26\test_eval_degradation_noise_us0\checkpoints\E01_test.pt
2026-09-09 20:09:06 | INFO | degradation: {'name': 'noise', 'std': 0.03}
2026-09-09 20:09:06 | INFO | degraded test: f1=1.0000, roc_auc=1.0
2026-09-09 20:09:06 | INFO | kết quả đã lưu: C:\Users\Zander Truong\AppData\Local\Temp\pytest-of-Zander Truong\pytest-26\test_eval_degradation_noise_us0\results_noise\noise0.03_seed123.json
2026-09-09 20:17:58 | INFO | ===== BẮT ĐẦU noise0.03_seed123 (degradation evaluation) =====
2026-09-09 20:17:58 | INFO | checkpoint: C:\Users\Zander Truong\AppData\Local\Temp\pytest-of-Zander Truong\pytest-27\test_eval_degradation_noise_us0\checkpoints\E01_test.pt
2026-09-09 20:17:58 | INFO | degradation: {'name': 'noise', 'std': 0.03}
2026-09-09 20:17:58 | INFO | degraded test: f1=1.0000, roc_auc=1.0
2026-09-09 20:17:58 | INFO | kết quả đã lưu: C:\Users\Zander Truong\AppData\Local\Temp\pytest-of-Zander Truong\pytest-27\test_eval_degradation_noise_us0\results_noise\noise0.03_seed123.json
2026-09-09 20:17:58 | INFO | ===== BẮT ĐẦU noise0.03_seed123 (degradation evaluation) =====
2026-09-09 20:17:58 | INFO | checkpoint: C:\Users\Zander Truong\AppData\Local\Temp\pytest-of-Zander Truong\pytest-27\test_eval_degradation_noise_us0\checkpoints\E01_test.pt
2026-09-09 20:17:58 | INFO | degradation: {'name': 'noise', 'std': 0.03}
2026-09-09 20:17:58 | INFO | degraded test: f1=1.0000, roc_auc=1.0
2026-09-09 20:17:58 | INFO | kết quả đã lưu: C:\Users\Zander Truong\AppData\Local\Temp\pytest-of-Zander Truong\pytest-27\test_eval_degradation_noise_us0\results_noise\noise0.03_seed123.json
2026-09-09 22:57:30 | INFO | ===== BẮT ĐẦU noise0.03_seed123 (degradation evaluation) =====
2026-09-09 22:57:30 | INFO | checkpoint: C:\Users\Zander Truong\AppData\Local\Temp\pytest-of-Zander Truong\pytest-28\test_eval_degradation_noise_us0\checkpoints\E01_test.pt
2026-09-09 22:57:30 | INFO | degradation: {'name': 'noise', 'std': 0.03}
2026-09-09 22:57:30 | INFO | degraded test: f1=1.0000, roc_auc=1.0
2026-09-09 22:57:30 | INFO | kết quả đã lưu: C:\Users\Zander Truong\AppData\Local\Temp\pytest-of-Zander Truong\pytest-28\test_eval_degradation_noise_us0\results_noise\noise0.03_seed123.json
2026-09-09 22:57:30 | INFO | ===== BẮT ĐẦU noise0.03_seed123 (degradation evaluation) =====
2026-09-09 22:57:30 | INFO | checkpoint: C:\Users\Zander Truong\AppData\Local\Temp\pytest-of-Zander Truong\pytest-28\test_eval_degradation_noise_us0\checkpoints\E01_test.pt
2026-09-09 22:57:30 | INFO | degradation: {'name': 'noise', 'std': 0.03}
2026-09-09 22:57:30 | INFO | degraded test: f1=1.0000, roc_auc=1.0
2026-09-09 22:57:30 | INFO | kết quả đã lưu: C:\Users\Zander Truong\AppData\Local\Temp\pytest-of-Zander Truong\pytest-28\test_eval_degradation_noise_us0\results_noise\noise0.03_seed123.json
